[     458ms] [LOG] Auth guard - Just logged in: false @ https://campaign.alertaraqc.com/public/campaigns.php:14
[     459ms] [LOG] Auth guard - Attempt 1 - Token: EXISTS (length: 353) @ https://campaign.alertaraqc.com/public/campaigns.php:22
[     459ms] [LOG] Token found - access granted @ https://campaign.alertaraqc.com/public/campaigns.php:25
[     459ms] [LOG] Token value (first 50 chars): eyJ0eXAiOiJKV1QiLCJhbGciOiJIUzI1NiJ9.eyJpc3MiOiJwd... @ https://campaign.alertaraqc.com/public/campaigns.php:26
[     592ms] [LOG] Modal replacer loaded - alert() calls will use custom modals @ https://campaign.alertaraqc.com/public/js/modal-replacer.js:61
[     594ms] [LOG] RBAC: Set user_role_id cookie in <head> = 1 @ https://campaign.alertaraqc.com/public/campaigns.php:101
[     594ms] [LOG] === IMMEDIATE CHECK (before any scripts) === @ https://campaign.alertaraqc.com/public/campaigns.php:111
[     594ms] [LOG] localStorage available: true @ https://campaign.alertaraqc.com/public/campaigns.php:112
[     594ms] [LOG] Token check (immediate): FOUND (length: 353) @ https://campaign.alertaraqc.com/public/campaigns.php:115
[     594ms] [LOG] All localStorage keys (immediate): [theme, userId, currentUser, sidebarCollapsed, jwtToken] @ https://campaign.alertaraqc.com/public/campaigns.php:116
[     683ms] [LOG] FullCalendar script loaded successfully @ https://campaign.alertaraqc.com/public/campaigns.php:4582
[     683ms] [LOG] FullCalendar global found: object @ https://campaign.alertaraqc.com/public/campaigns.php:4582
[     806ms] [LOG] BASE PATH:  @ https://campaign.alertaraqc.com/public/campaigns.php:4588
[     806ms] [LOG] RBAC: Detected role = admin , roleId = 1 @ https://campaign.alertaraqc.com/public/campaigns.php:5203
[     806ms] [LOG] AutoML functions registered globally: {getAutoMLPrediction: function, handleGetPredictionClick: function, refreshAutoMLCampaigns: function} @ https://campaign.alertaraqc.com/public/campaigns.php:6938
[     817ms] [LOG] RBAC: Role cookie set via server: 1 @ https://campaign.alertaraqc.com/public/campaigns.php:463
[     820ms] [LOG] loadCurrentUser - Token: EXISTS (length: 353) @ https://campaign.alertaraqc.com/public/campaigns.php:974
[     821ms] [LOG] loadCurrentUser - Calling API: /index.php/api/v1/users/me @ https://campaign.alertaraqc.com/public/campaigns.php:983
[     821ms] [LOG] loadCurrentUser - Token being sent: EXISTS (length: 353) @ https://campaign.alertaraqc.com/public/campaigns.php:984
[     821ms] [LOG] loadCurrentUser - Token first 20 chars: eyJ0eXAiOiJKV1QiLCJh... @ https://campaign.alertaraqc.com/public/campaigns.php:985
[     821ms] [LOG] loadCurrentUser - Authorization header: Bearer eyJ0eXAiOiJKV1QiLCJh... @ https://campaign.alertaraqc.com/public/campaigns.php:986
[     824ms] [LOG] MultiSelectEnhanced initialized for: assigned_staff @ https://campaign.alertaraqc.com/public/campaigns.php:5637
[     825ms] [LOG] DOMContentLoaded - Initializing campaigns @ https://campaign.alertaraqc.com/public/campaigns.php:11297
[     825ms] [LOG] initializeCampaigns() - Starting initialization @ https://campaign.alertaraqc.com/public/campaigns.php:11065
[     826ms] [LOG] RBAC: Refreshed role detection - role = admin , roleId = 1 @ https://campaign.alertaraqc.com/public/campaigns.php:5287
[     827ms] [LOG] === TASK 4 PROOF: getToken() called === @ https://campaign.alertaraqc.com/public/campaigns.php:5099
[     827ms] [LOG] TASK 4: localStorage.getItem("jwtToken") result: EXISTS (length: 353) @ https://campaign.alertaraqc.com/public/campaigns.php:5100
[     827ms] [LOG] TASK 4: Token value (first 20 chars): eyJ0eXAiOiJKV1QiLCJh... @ https://campaign.alertaraqc.com/public/campaigns.php:5101
[     827ms] [LOG] TASK 4: Token after trim: eyJ0eXAiOiJKV1QiLCJh... @ https://campaign.alertaraqc.com/public/campaigns.php:5102
[     827ms] [LOG] === TASK 4 PROOF: Token returned (length: 353) === @ https://campaign.alertaraqc.com/public/campaigns.php:5109
[     827ms] [LOG] loadCampaigns() - Making API call with token (length: 353) @ https://campaign.alertaraqc.com/public/campaigns.php:7955
[     828ms] [LOG] Functions made globally accessible: {handleGetPredictionClick: function, getAutoMLPrediction: function, refreshAutoMLCampaigns: function} @ https://campaign.alertaraqc.com/public/campaigns.php:11307
[     921ms] [ERROR] Failed to load resource: the server responded with a status of 401 (Unauthorized) @ https://campaign.alertaraqc.com/index.php/api/v1/notifications?limit=1:0
[     922ms] [ERROR] Failed to load resource: the server responded with a status of 401 (Unauthorized) @ https://campaign.alertaraqc.com/index.php/api/v1/users/me:0
[     922ms] [LOG] loadCurrentUser - Response status: 401 @ https://campaign.alertaraqc.com/public/campaigns.php:1002
[     922ms] [LOG] loadCurrentUser - Response URL: https://campaign.alertaraqc.com/index.php/api/v1/users/me @ https://campaign.alertaraqc.com/public/campaigns.php:1003
[     922ms] [WARNING] 401 Unauthorized - Clearing cached user data @ https://campaign.alertaraqc.com/public/campaigns.php:1008
[     922ms] [ERROR] Error response: {error: Expired token} @ https://campaign.alertaraqc.com/public/campaigns.php:1018
[     923ms] [LOG] === TASK 3 PROOF: updateUserDisplay called with user.name === User @ https://campaign.alertaraqc.com/public/campaigns.php:1084
[     923ms] [LOG] === TASK 3 PROOF: user.name || "User" will result in === User @ https://campaign.alertaraqc.com/public/campaigns.php:1085
[     923ms] [LOG] === TASK 3 PROOF: Setting headerUserName.textContent to === User @ https://campaign.alertaraqc.com/public/campaigns.php:1088
[     923ms] [LOG] Updating dropdown - Name: User Email:  @ https://campaign.alertaraqc.com/public/campaigns.php:1129
[     923ms] [LOG] Dropdown email element updated to:  @ https://campaign.alertaraqc.com/public/campaigns.php:1133
[     957ms] [ERROR] Failed to load resource: the server responded with a status of 401 (Unauthorized) @ https://campaign.alertaraqc.com/index.php/api/v1/messages/conversations?limit=1:0
[     962ms] [ERROR] Failed to load resource: the server responded with a status of 401 (Unauthorized) @ https://campaign.alertaraqc.com/index.php/api/v1/campaigns:0
[     962ms] [LOG] loadCampaigns() - Response status: 401 @ https://campaign.alertaraqc.com/public/campaigns.php:7963
[     962ms] [LOG] loadCampaigns() - Response text length: 25 @ https://campaign.alertaraqc.com/public/campaigns.php:7967
[     962ms] [ERROR] loadCampaigns() - API error: 401 {"error":"Expired token"} @ https://campaign.alertaraqc.com/public/campaigns.php:7970
[     963ms] [LOG] === TASK 4 PROOF: getToken() called === @ https://campaign.alertaraqc.com/public/campaigns.php:5099
[     963ms] [LOG] TASK 4: localStorage.getItem("jwtToken") result: EXISTS (length: 353) @ https://campaign.alertaraqc.com/public/campaigns.php:5100
[     963ms] [LOG] TASK 4: Token value (first 20 chars): eyJ0eXAiOiJKV1QiLCJh... @ https://campaign.alertaraqc.com/public/campaigns.php:5101
[     963ms] [LOG] TASK 4: Token after trim: eyJ0eXAiOiJKV1QiLCJh... @ https://campaign.alertaraqc.com/public/campaigns.php:5102
[     963ms] [LOG] === TASK 4 PROOF: Token returned (length: 353) === @ https://campaign.alertaraqc.com/public/campaigns.php:5109
[     963ms] [LOG] initializeCampaigns() - Campaigns loaded. Count: 0 @ https://campaign.alertaraqc.com/public/campaigns.php:11069
[     963ms] [LOG] initializeCampaigns() - Initializing calendar... @ https://campaign.alertaraqc.com/public/campaigns.php:11073
[     964ms] [LOG] === initCalendar() called === @ https://campaign.alertaraqc.com/public/campaigns.php:7356
[     964ms] [ERROR] CRITICAL: Calendar container element not found! Looking for #calendar @ https://campaign.alertaraqc.com/public/campaigns.php:7361
[     964ms] [ERROR] Available elements with id containing "calendar": [calendarStatusFilterInline, calendarInline] @ https://campaign.alertaraqc.com/public/campaigns.php:7362
[     965ms] [LOG] === TASK 4 PROOF: getToken() called === @ https://campaign.alertaraqc.com/public/campaigns.php:5099
[     965ms] [LOG] TASK 4: localStorage.getItem("jwtToken") result: EXISTS (length: 353) @ https://campaign.alertaraqc.com/public/campaigns.php:5100
[     965ms] [LOG] TASK 4: Token value (first 20 chars): eyJ0eXAiOiJKV1QiLCJh... @ https://campaign.alertaraqc.com/public/campaigns.php:5101
[     965ms] [LOG] TASK 4: Token after trim: eyJ0eXAiOiJKV1QiLCJh... @ https://campaign.alertaraqc.com/public/campaigns.php:5102
[     965ms] [LOG] === TASK 4 PROOF: Token returned (length: 353) === @ https://campaign.alertaraqc.com/public/campaigns.php:5109
[     965ms] [LOG] initializeCampaigns() - Populating AutoML dropdown with 0 campaigns @ https://campaign.alertaraqc.com/public/campaigns.php:11080
[     966ms] [LOG] populateAutoMLDropdown() - Called. allCampaigns length: 0 @ https://campaign.alertaraqc.com/public/campaigns.php:6514
[     966ms] [LOG] populateAutoMLDropdown() - Current dropdown options: 1 @ https://campaign.alertaraqc.com/public/campaigns.php:6515
[     966ms] [WARNING] populateAutoMLDropdown() - No campaigns available. allCampaigns: [] @ https://campaign.alertaraqc.com/public/campaigns.php:6560
[     966ms] [LOG] validateAutoMLForm() - Campaign selected:  Value:  @ https://campaign.alertaraqc.com/public/campaigns.php:6438
[     966ms] [LOG] validateAutoMLForm() - Button disabled (no campaign selected) @ https://campaign.alertaraqc.com/public/campaigns.php:6451
[     967ms] [LOG] === TASK 4 PROOF: getToken() called === @ https://campaign.alertaraqc.com/public/campaigns.php:5099
[     967ms] [LOG] TASK 4: localStorage.getItem("jwtToken") result: EXISTS (length: 353) @ https://campaign.alertaraqc.com/public/campaigns.php:5100
[     967ms] [LOG] TASK 4: Token value (first 20 chars): eyJ0eXAiOiJKV1QiLCJh... @ https://campaign.alertaraqc.com/public/campaigns.php:5101
[     967ms] [LOG] TASK 4: Token after trim: eyJ0eXAiOiJKV1QiLCJh... @ https://campaign.alertaraqc.com/public/campaigns.php:5102
[     967ms] [LOG] === TASK 4 PROOF: Token returned (length: 353) === @ https://campaign.alertaraqc.com/public/campaigns.php:5109
[    1028ms] [ERROR] Failed to load resource: the server responded with a status of 401 (Unauthorized) @ https://campaign.alertaraqc.com/index.php/api/v1/campaigns:0
[    1039ms] [ERROR] Failed to load resource: the server responded with a status of 401 (Unauthorized) @ https://campaign.alertaraqc.com/index.php/api/v1/reference-staff:0
[    1049ms] [ERROR] Failed to load resource: the server responded with a status of 401 (Unauthorized) @ https://campaign.alertaraqc.com/index.php/api/v1/budgets:0
[    1050ms] [LOG] Budget data loaded: {error: Expired token} @ https://campaign.alertaraqc.com/public/campaigns.php:8419
[    1050ms] [ERROR] Budget load failed: Expired token @ https://campaign.alertaraqc.com/public/campaigns.php:8427
[    1170ms] [LOG] initializeCampaigns() - Dropdown already has 0 options @ https://campaign.alertaraqc.com/public/campaigns.php:11092
[    1170ms] [LOG] validateAutoMLForm() - Campaign selected:  Value:  @ https://campaign.alertaraqc.com/public/campaigns.php:6438
[    1171ms] [LOG] validateAutoMLForm() - Button disabled (no campaign selected) @ https://campaign.alertaraqc.com/public/campaigns.php:6451
[    1171ms] [LOG] initializeCampaigns() - Found Get Prediction button @ https://campaign.alertaraqc.com/public/campaigns.php:11099
[    1171ms] [LOG] initializeCampaigns() - Get Prediction button event listeners attached @ https://campaign.alertaraqc.com/public/campaigns.php:11126
[    1171ms] [LOG] initializeCampaigns() - Found Refresh button @ https://campaign.alertaraqc.com/public/campaigns.php:11134
[    1171ms] [LOG] initializeCampaigns() - Refresh button event listener attached @ https://campaign.alertaraqc.com/public/campaigns.php:11166
[   30898ms] [ERROR] Failed to load resource: the server responded with a status of 401 (Unauthorized) @ https://campaign.alertaraqc.com/index.php/api/v1/notifications?limit=1:0
[   30906ms] [ERROR] Failed to load resource: the server responded with a status of 401 (Unauthorized) @ https://campaign.alertaraqc.com/index.php/api/v1/messages/conversations?limit=1:0
[   60901ms] [ERROR] Failed to load resource: the server responded with a status of 401 (Unauthorized) @ https://campaign.alertaraqc.com/index.php/api/v1/messages/conversations?limit=1:0
[   60907ms] [ERROR] Failed to load resource: the server responded with a status of 401 (Unauthorized) @ https://campaign.alertaraqc.com/index.php/api/v1/notifications?limit=1:0
[   90888ms] [ERROR] Failed to load resource: the server responded with a status of 401 (Unauthorized) @ https://campaign.alertaraqc.com/index.php/api/v1/messages/conversations?limit=1:0
[   90897ms] [ERROR] Failed to load resource: the server responded with a status of 401 (Unauthorized) @ https://campaign.alertaraqc.com/index.php/api/v1/notifications?limit=1:0
[  120892ms] [ERROR] Failed to load resource: the server responded with a status of 401 (Unauthorized) @ https://campaign.alertaraqc.com/index.php/api/v1/messages/conversations?limit=1:0
[  120897ms] [ERROR] Failed to load resource: the server responded with a status of 401 (Unauthorized) @ https://campaign.alertaraqc.com/index.php/api/v1/notifications?limit=1:0
[  150890ms] [ERROR] Failed to load resource: the server responded with a status of 401 (Unauthorized) @ https://campaign.alertaraqc.com/index.php/api/v1/messages/conversations?limit=1:0
[  150899ms] [ERROR] Failed to load resource: the server responded with a status of 401 (Unauthorized) @ https://campaign.alertaraqc.com/index.php/api/v1/notifications?limit=1:0
[  180894ms] [ERROR] Failed to load resource: the server responded with a status of 401 (Unauthorized) @ https://campaign.alertaraqc.com/index.php/api/v1/messages/conversations?limit=1:0
[  180901ms] [ERROR] Failed to load resource: the server responded with a status of 401 (Unauthorized) @ https://campaign.alertaraqc.com/index.php/api/v1/notifications?limit=1:0
[  210899ms] [ERROR] Failed to load resource: the server responded with a status of 401 (Unauthorized) @ https://campaign.alertaraqc.com/index.php/api/v1/messages/conversations?limit=1:0
[  210908ms] [ERROR] Failed to load resource: the server responded with a status of 401 (Unauthorized) @ https://campaign.alertaraqc.com/index.php/api/v1/notifications?limit=1:0
[  240904ms] [ERROR] Failed to load resource: the server responded with a status of 401 (Unauthorized) @ https://campaign.alertaraqc.com/index.php/api/v1/messages/conversations?limit=1:0
[  240906ms] [ERROR] Failed to load resource: the server responded with a status of 401 (Unauthorized) @ https://campaign.alertaraqc.com/index.php/api/v1/notifications?limit=1:0
