[     222ms] [LOG] Auth guard - Just logged in: false @ https://campaign.alertaraqc.com/public/campaigns.php:14
[     223ms] [LOG] Auth guard - Attempt 1 - Token: EXISTS (length: 353) @ https://campaign.alertaraqc.com/public/campaigns.php:22
[     223ms] [LOG] Token found - access granted @ https://campaign.alertaraqc.com/public/campaigns.php:25
[     223ms] [LOG] Token value (first 50 chars): eyJ0eXAiOiJKV1QiLCJhbGciOiJIUzI1NiJ9.eyJpc3MiOiJwd... @ https://campaign.alertaraqc.com/public/campaigns.php:26
[     258ms] [LOG] Modal replacer loaded - alert() calls will use custom modals @ https://campaign.alertaraqc.com/public/js/modal-replacer.js:61
[     260ms] [LOG] RBAC: Set user_role_id cookie in <head> = 1 @ https://campaign.alertaraqc.com/public/campaigns.php:101
[     260ms] [LOG] === IMMEDIATE CHECK (before any scripts) === @ https://campaign.alertaraqc.com/public/campaigns.php:111
[     260ms] [LOG] localStorage available: true @ https://campaign.alertaraqc.com/public/campaigns.php:112
[     260ms] [LOG] Token check (immediate): FOUND (length: 353) @ https://campaign.alertaraqc.com/public/campaigns.php:115
[     260ms] [LOG] All localStorage keys (immediate): [theme, userId, currentUser, jwtToken] @ https://campaign.alertaraqc.com/public/campaigns.php:116
[     333ms] [LOG] FullCalendar script loaded successfully @ https://campaign.alertaraqc.com/public/campaigns.php:4571
[     333ms] [LOG] FullCalendar global found: object @ https://campaign.alertaraqc.com/public/campaigns.php:4571
[     373ms] [LOG] BASE PATH:  @ https://campaign.alertaraqc.com/public/campaigns.php:4578
[     373ms] [LOG] RBAC: Detected role = admin , roleId = 1 @ https://campaign.alertaraqc.com/public/campaigns.php:5347
[     373ms] [LOG] AutoML functions registered globally: {getAutoMLPrediction: function, handleGetPredictionClick: function, refreshAutoMLCampaigns: function} @ https://campaign.alertaraqc.com/public/campaigns.php:7082
[     398ms] [LOG] loadCurrentUser - Token: EXISTS (length: 353) @ https://campaign.alertaraqc.com/public/campaigns.php:974
[     399ms] [LOG] loadCurrentUser - Calling API: /index.php/api/v1/users/me @ https://campaign.alertaraqc.com/public/campaigns.php:983
[     400ms] [LOG] loadCurrentUser - Token being sent: EXISTS (length: 353) @ https://campaign.alertaraqc.com/public/campaigns.php:984
[     400ms] [LOG] loadCurrentUser - Token first 20 chars: eyJ0eXAiOiJKV1QiLCJh... @ https://campaign.alertaraqc.com/public/campaigns.php:985
[     400ms] [LOG] loadCurrentUser - Authorization header: Bearer eyJ0eXAiOiJKV1QiLCJh... @ https://campaign.alertaraqc.com/public/campaigns.php:986
[     403ms] [LOG] MultiSelectEnhanced initialized for: assigned_staff @ https://campaign.alertaraqc.com/public/campaigns.php:5781
[     403ms] [LOG] DOMContentLoaded - Initializing campaigns @ https://campaign.alertaraqc.com/public/campaigns.php:11445
[     404ms] [LOG] initializeCampaigns() - Starting initialization @ https://campaign.alertaraqc.com/public/campaigns.php:11215
[     404ms] [LOG] RBAC: Refreshed role detection - role = admin , roleId = 1 @ https://campaign.alertaraqc.com/public/campaigns.php:5431
[     404ms] [LOG] === TASK 4 PROOF: getToken() called === @ https://campaign.alertaraqc.com/public/campaigns.php:5243
[     404ms] [LOG] TASK 4: localStorage.getItem("jwtToken") result: EXISTS (length: 353) @ https://campaign.alertaraqc.com/public/campaigns.php:5244
[     404ms] [LOG] TASK 4: Token value (first 20 chars): eyJ0eXAiOiJKV1QiLCJh... @ https://campaign.alertaraqc.com/public/campaigns.php:5245
[     404ms] [LOG] TASK 4: Token after trim: eyJ0eXAiOiJKV1QiLCJh... @ https://campaign.alertaraqc.com/public/campaigns.php:5246
[     405ms] [LOG] === TASK 4 PROOF: Token returned (length: 353) === @ https://campaign.alertaraqc.com/public/campaigns.php:5253
[     405ms] [LOG] loadCampaigns() - Making API call with token (length: 353) @ https://campaign.alertaraqc.com/public/campaigns.php:8099
[     407ms] [LOG] Functions made globally accessible: {handleGetPredictionClick: function, getAutoMLPrediction: function, refreshAutoMLCampaigns: function} @ https://campaign.alertaraqc.com/public/campaigns.php:11456
[     419ms] [LOG] RBAC: Role cookie set via server: 1 @ https://campaign.alertaraqc.com/public/campaigns.php:463
[     621ms] [LOG] loadCurrentUser - Response status: 200 @ https://campaign.alertaraqc.com/public/campaigns.php:1002
[     621ms] [LOG] loadCurrentUser - Response URL: https://campaign.alertaraqc.com/index.php/api/v1/users/me @ https://campaign.alertaraqc.com/public/campaigns.php:1003
[     622ms] [LOG] loadCampaigns() - Response status: 200 @ https://campaign.alertaraqc.com/public/campaigns.php:8107
[     631ms] [LOG] === TASK 2 PROOF: API Response data === {
  "user": {
    "id": 8,
    "name": "Just  Dev",
    "email": "maginghotdogpano@gmail.com",
    "role_id": 1,
    "role": "Barangay Administrator",
    "user_type": "Super Admin",
    "avatar_url": null,
    "barangay_id": null,
    "barangay_name": null,
    "phone_number": null,
    "created_at": "2026-06-16 13:09:16"
  }
} @ https://campaign.alertaraqc.com/public/campaigns.php:1031
[     631ms] [LOG] === TASK 2 PROOF: Extracted user object === {
  "id": 8,
  "name": "Just  Dev",
  "email": "maginghotdogpano@gmail.com",
  "role_id": 1,
  "role": "Barangay Administrator",
  "user_type": "Super Admin",
  "avatar_url": null,
  "barangay_id": null,
  "barangay_name": null,
  "phone_number": null,
  "created_at": "2026-06-16 13:09:16"
} @ https://campaign.alertaraqc.com/public/campaigns.php:1033
[     631ms] [LOG] === TASK 3 PROOF: user.name value === Just  Dev @ https://campaign.alertaraqc.com/public/campaigns.php:1036
[     631ms] [LOG] === TASK 3 PROOF: user.name type === string @ https://campaign.alertaraqc.com/public/campaigns.php:1037
[     631ms] [LOG] === TASK 3 PROOF: user.name truthy check === true @ https://campaign.alertaraqc.com/public/campaigns.php:1038
[     631ms] [LOG] === TASK 3 PROOF: user.name || "User" result === Just  Dev @ https://campaign.alertaraqc.com/public/campaigns.php:1039
[     631ms] [LOG] User email from API: maginghotdogpano@gmail.com @ https://campaign.alertaraqc.com/public/campaigns.php:1048
[     631ms] [LOG] User ID from API: 8 @ https://campaign.alertaraqc.com/public/campaigns.php:1049
[     631ms] [LOG] Stored fresh user data for: maginghotdogpano@gmail.com @ https://campaign.alertaraqc.com/public/campaigns.php:1054
[     631ms] [LOG] === TASK 3 PROOF: updateUserDisplay called with user.name === Just  Dev @ https://campaign.alertaraqc.com/public/campaigns.php:1084
[     632ms] [LOG] === TASK 3 PROOF: user.name || "User" will result in === Just  Dev @ https://campaign.alertaraqc.com/public/campaigns.php:1085
[     632ms] [LOG] === TASK 3 PROOF: Setting headerUserName.textContent to === Just  Dev @ https://campaign.alertaraqc.com/public/campaigns.php:1088
[     632ms] [LOG] Updating dropdown - Name: Just  Dev Email: maginghotdogpano@gmail.com @ https://campaign.alertaraqc.com/public/campaigns.php:1129
[     633ms] [LOG] Dropdown email element updated to: maginghotdogpano@gmail.com @ https://campaign.alertaraqc.com/public/campaigns.php:1133
[     633ms] [LOG] loadCampaigns() - Response text length: 8504 @ https://campaign.alertaraqc.com/public/campaigns.php:8111
[     633ms] [LOG] loadCampaigns() - Received data: {data: Array(13)} @ https://campaign.alertaraqc.com/public/campaigns.php:8148
[     633ms] [LOG] loadCampaigns() - Campaigns count: 13 @ https://campaign.alertaraqc.com/public/campaigns.php:8150
[     634ms] [LOG] loadCampaigns() - Filtered out archived, remaining: 13 @ https://campaign.alertaraqc.com/public/campaigns.php:8157
[     634ms] [LOG] loadCampaigns() - Rendering 13 campaigns @ https://campaign.alertaraqc.com/public/campaigns.php:8181
[     634ms] [LOG] loadCampaigns() - Populating dropdowns with 13 campaigns @ https://campaign.alertaraqc.com/public/campaigns.php:8195
[     634ms] [LOG] loadCampaigns() - Rendering campaigns. Current role: admin Role ID: 1 @ https://campaign.alertaraqc.com/public/campaigns.php:8198
[     634ms] [LOG] loadCampaigns() - isAdmin(): true isViewer(): false @ https://campaign.alertaraqc.com/public/campaigns.php:8199
[     634ms] [LOG] populateAutoMLDropdown() - Called. allCampaigns length: 13 @ https://campaign.alertaraqc.com/public/campaigns.php:6658
[     634ms] [LOG] populateAutoMLDropdown() - Current dropdown options: 1 @ https://campaign.alertaraqc.com/public/campaigns.php:6659
[     634ms] [LOG] populateAutoMLDropdown() - Populating with 13 campaigns @ https://campaign.alertaraqc.com/public/campaigns.php:6663
[     635ms] [LOG] populateAutoMLDropdown() - Added option: 48 48 - crime prevention month test @ https://campaign.alertaraqc.com/public/campaigns.php:6683
[     635ms] [LOG] populateAutoMLDropdown() - Added option: 47 47 - Crime Prevention Month @ https://campaign.alertaraqc.com/public/campaigns.php:6683
[     635ms] [LOG] populateAutoMLDropdown() - Added option: 37 37 - Fire Safety Awareness Week @ https://campaign.alertaraqc.com/public/campaigns.php:6683
[     635ms] [LOG] populateAutoMLDropdown() - Added option: 35 35 - Fire Safety Awareness Week @ https://campaign.alertaraqc.com/public/campaigns.php:6683
[     636ms] [LOG] populateAutoMLDropdown() - Added option: 32 32 - Community Disaster Preparedness Orientation @ https://campaign.alertaraqc.com/public/campaigns.php:6683
[     636ms] [LOG] populateAutoMLDropdown() - Added option: 31 31 - Fire Safety Awareness Week @ https://campaign.alertaraqc.com/public/campaigns.php:6683
[     636ms] [LOG] populateAutoMLDropdown() - Added option: 29 29 - Road Safety for Students @ https://campaign.alertaraqc.com/public/campaigns.php:6683
[     636ms] [LOG] populateAutoMLDropdown() - Added option: 27 27 - Dengue Prevention and Clean-Up Drive @ https://campaign.alertaraqc.com/public/campaigns.php:6683
[     637ms] [LOG] populateAutoMLDropdown() - Added option: 25 25 - Earthquake Drill and Preparedness Campaign @ https://campaign.alertaraqc.com/public/campaigns.php:6683
[     637ms] [LOG] populateAutoMLDropdown() - Added option: 11 11 - Earthquake Go-Bag Campaign @ https://campaign.alertaraqc.com/public/campaigns.php:6683
[     637ms] [LOG] populateAutoMLDropdown() - Added option: 10 10 - Flood Evacuation Awareness @ https://campaign.alertaraqc.com/public/campaigns.php:6683
[     637ms] [LOG] populateAutoMLDropdown() - Added option: 3 3 - Flood Preparedness Campaign @ https://campaign.alertaraqc.com/public/campaigns.php:6683
[     637ms] [LOG] populateAutoMLDropdown() - Added option: 1 1 - Fire Safety Awareness Week 2025 @ https://campaign.alertaraqc.com/public/campaigns.php:6683
[     637ms] [LOG] populateAutoMLDropdown() - Successfully added 13 options. Total options now: 14 @ https://campaign.alertaraqc.com/public/campaigns.php:6687
[     638ms] [LOG] validateAutoMLForm() - Campaign selected:  Value:  @ https://campaign.alertaraqc.com/public/campaigns.php:6582
[     638ms] [LOG] validateAutoMLForm() - Button disabled (no campaign selected) @ https://campaign.alertaraqc.com/public/campaigns.php:6595
[     639ms] [LOG] Get Prediction button event listener attached @ https://campaign.alertaraqc.com/public/campaigns.php:6643
[     639ms] [LOG] validateAutoMLForm() - Campaign selected:  Value:  @ https://campaign.alertaraqc.com/public/campaigns.php:6582
[     640ms] [LOG] validateAutoMLForm() - Button disabled (no campaign selected) @ https://campaign.alertaraqc.com/public/campaigns.php:6595
[     640ms] [LOG] Dropdown changed to:  @ https://campaign.alertaraqc.com/public/campaigns.php:3943
[     640ms] [LOG] Rendering Actions for campaign 48 Status: draft Current Role: admin @ https://campaign.alertaraqc.com/public/campaigns.php:8225
[     640ms] [LOG] isAdmin(): true isViewer(): false isStaff(): false isSecretary(): false isKagawad(): false isCaptain(): false @ https://campaign.alertaraqc.com/public/campaigns.php:8226
[     641ms] [LOG] Rendering Actions for campaign 47 Status: scheduled Current Role: admin @ https://campaign.alertaraqc.com/public/campaigns.php:8225
[     641ms] [LOG] isAdmin(): true isViewer(): false isStaff(): false isSecretary(): false isKagawad(): false isCaptain(): false @ https://campaign.alertaraqc.com/public/campaigns.php:8226
[     641ms] [LOG] Rendering Actions for campaign 37 Status: scheduled Current Role: admin @ https://campaign.alertaraqc.com/public/campaigns.php:8225
[     642ms] [LOG] isAdmin(): true isViewer(): false isStaff(): false isSecretary(): false isKagawad(): false isCaptain(): false @ https://campaign.alertaraqc.com/public/campaigns.php:8226
[     642ms] [LOG] Rendering Actions for campaign 35 Status: approved Current Role: admin @ https://campaign.alertaraqc.com/public/campaigns.php:8225
[     642ms] [LOG] isAdmin(): true isViewer(): false isStaff(): false isSecretary(): false isKagawad(): false isCaptain(): false @ https://campaign.alertaraqc.com/public/campaigns.php:8226
[     645ms] [LOG] Rendering Actions for campaign 32 Status: scheduled Current Role: admin @ https://campaign.alertaraqc.com/public/campaigns.php:8225
[     646ms] [LOG] isAdmin(): true isViewer(): false isStaff(): false isSecretary(): false isKagawad(): false isCaptain(): false @ https://campaign.alertaraqc.com/public/campaigns.php:8226
[     647ms] [LOG] Rendering Actions for campaign 31 Status: approved Current Role: admin @ https://campaign.alertaraqc.com/public/campaigns.php:8225
[     647ms] [LOG] isAdmin(): true isViewer(): false isStaff(): false isSecretary(): false isKagawad(): false isCaptain(): false @ https://campaign.alertaraqc.com/public/campaigns.php:8226
[     647ms] [LOG] Rendering Actions for campaign 29 Status: scheduled Current Role: admin @ https://campaign.alertaraqc.com/public/campaigns.php:8225
[     647ms] [LOG] isAdmin(): true isViewer(): false isStaff(): false isSecretary(): false isKagawad(): false isCaptain(): false @ https://campaign.alertaraqc.com/public/campaigns.php:8226
[     648ms] [LOG] Rendering Actions for campaign 27 Status: draft Current Role: admin @ https://campaign.alertaraqc.com/public/campaigns.php:8225
[     648ms] [LOG] isAdmin(): true isViewer(): false isStaff(): false isSecretary(): false isKagawad(): false isCaptain(): false @ https://campaign.alertaraqc.com/public/campaigns.php:8226
[     648ms] [LOG] Rendering Actions for campaign 25 Status: scheduled Current Role: admin @ https://campaign.alertaraqc.com/public/campaigns.php:8225
[     649ms] [LOG] isAdmin(): true isViewer(): false isStaff(): false isSecretary(): false isKagawad(): false isCaptain(): false @ https://campaign.alertaraqc.com/public/campaigns.php:8226
[     649ms] [LOG] Rendering Actions for campaign 10 Status: scheduled Current Role: admin @ https://campaign.alertaraqc.com/public/campaigns.php:8225
[     649ms] [LOG] isAdmin(): true isViewer(): false isStaff(): false isSecretary(): false isKagawad(): false isCaptain(): false @ https://campaign.alertaraqc.com/public/campaigns.php:8226
[     649ms] [LOG] Rendering Actions for campaign 11 Status: approved Current Role: admin @ https://campaign.alertaraqc.com/public/campaigns.php:8225
[     650ms] [LOG] isAdmin(): true isViewer(): false isStaff(): false isSecretary(): false isKagawad(): false isCaptain(): false @ https://campaign.alertaraqc.com/public/campaigns.php:8226
[     650ms] [LOG] Rendering Actions for campaign 1 Status: approved Current Role: admin @ https://campaign.alertaraqc.com/public/campaigns.php:8225
[     650ms] [LOG] isAdmin(): true isViewer(): false isStaff(): false isSecretary(): false isKagawad(): false isCaptain(): false @ https://campaign.alertaraqc.com/public/campaigns.php:8226
[     651ms] [LOG] Rendering Actions for campaign 3 Status: pending Current Role: admin @ https://campaign.alertaraqc.com/public/campaigns.php:8225
[     651ms] [LOG] isAdmin(): true isViewer(): false isStaff(): false isSecretary(): false isKagawad(): false isCaptain(): false @ https://campaign.alertaraqc.com/public/campaigns.php:8226
[     651ms] [LOG] loadCampaigns() - Dropdowns populated. automlSelect options: 14 @ https://campaign.alertaraqc.com/public/campaigns.php:8340
[     651ms] [LOG] === TASK 4 PROOF: getToken() called === @ https://campaign.alertaraqc.com/public/campaigns.php:5243
[     651ms] [LOG] TASK 4: localStorage.getItem("jwtToken") result: EXISTS (length: 353) @ https://campaign.alertaraqc.com/public/campaigns.php:5244
[     651ms] [LOG] TASK 4: Token value (first 20 chars): eyJ0eXAiOiJKV1QiLCJh... @ https://campaign.alertaraqc.com/public/campaigns.php:5245
[     652ms] [LOG] TASK 4: Token after trim: eyJ0eXAiOiJKV1QiLCJh... @ https://campaign.alertaraqc.com/public/campaigns.php:5246
[     652ms] [LOG] === TASK 4 PROOF: Token returned (length: 353) === @ https://campaign.alertaraqc.com/public/campaigns.php:5253
[     655ms] [LOG] === TASK 4 PROOF: getToken() called === @ https://campaign.alertaraqc.com/public/campaigns.php:5243
[     655ms] [LOG] TASK 4: localStorage.getItem("jwtToken") result: EXISTS (length: 353) @ https://campaign.alertaraqc.com/public/campaigns.php:5244
[     655ms] [LOG] TASK 4: Token value (first 20 chars): eyJ0eXAiOiJKV1QiLCJh... @ https://campaign.alertaraqc.com/public/campaigns.php:5245
[     655ms] [LOG] TASK 4: Token after trim: eyJ0eXAiOiJKV1QiLCJh... @ https://campaign.alertaraqc.com/public/campaigns.php:5246
[     655ms] [LOG] === TASK 4 PROOF: Token returned (length: 353) === @ https://campaign.alertaraqc.com/public/campaigns.php:5253
[     656ms] [LOG] initializeCampaigns() - Campaigns loaded. Count: 13 @ https://campaign.alertaraqc.com/public/campaigns.php:11219
[     656ms] [LOG] initializeCampaigns() - Initializing calendar... @ https://campaign.alertaraqc.com/public/campaigns.php:11223
[     656ms] [LOG] === initCalendar() called === @ https://campaign.alertaraqc.com/public/campaigns.php:7500
[     656ms] [ERROR] CRITICAL: Calendar container element not found! Looking for #calendar @ https://campaign.alertaraqc.com/public/campaigns.php:7505
[     657ms] [ERROR] Available elements with id containing "calendar": [calendarStatusFilterInline, calendarInline] @ https://campaign.alertaraqc.com/public/campaigns.php:7506
[     657ms] [LOG] === TASK 4 PROOF: getToken() called === @ https://campaign.alertaraqc.com/public/campaigns.php:5243
[     657ms] [LOG] TASK 4: localStorage.getItem("jwtToken") result: EXISTS (length: 353) @ https://campaign.alertaraqc.com/public/campaigns.php:5244
[     658ms] [LOG] TASK 4: Token value (first 20 chars): eyJ0eXAiOiJKV1QiLCJh... @ https://campaign.alertaraqc.com/public/campaigns.php:5245
[     658ms] [LOG] TASK 4: Token after trim: eyJ0eXAiOiJKV1QiLCJh... @ https://campaign.alertaraqc.com/public/campaigns.php:5246
[     658ms] [LOG] === TASK 4 PROOF: Token returned (length: 353) === @ https://campaign.alertaraqc.com/public/campaigns.php:5253
[     659ms] [LOG] initializeCampaigns() - Populating AutoML dropdown with 13 campaigns @ https://campaign.alertaraqc.com/public/campaigns.php:11230
[     659ms] [LOG] populateAutoMLDropdown() - Called. allCampaigns length: 13 @ https://campaign.alertaraqc.com/public/campaigns.php:6658
[     659ms] [LOG] populateAutoMLDropdown() - Current dropdown options: 14 @ https://campaign.alertaraqc.com/public/campaigns.php:6659
[     659ms] [LOG] populateAutoMLDropdown() - Populating with 13 campaigns @ https://campaign.alertaraqc.com/public/campaigns.php:6663
[     660ms] [LOG] populateAutoMLDropdown() - Added option: 48 48 - crime prevention month test @ https://campaign.alertaraqc.com/public/campaigns.php:6683
[     660ms] [LOG] populateAutoMLDropdown() - Added option: 47 47 - Crime Prevention Month @ https://campaign.alertaraqc.com/public/campaigns.php:6683
[     660ms] [LOG] populateAutoMLDropdown() - Added option: 37 37 - Fire Safety Awareness Week @ https://campaign.alertaraqc.com/public/campaigns.php:6683
[     660ms] [LOG] populateAutoMLDropdown() - Added option: 35 35 - Fire Safety Awareness Week @ https://campaign.alertaraqc.com/public/campaigns.php:6683
[     660ms] [LOG] populateAutoMLDropdown() - Added option: 32 32 - Community Disaster Preparedness Orientation @ https://campaign.alertaraqc.com/public/campaigns.php:6683
[     661ms] [LOG] populateAutoMLDropdown() - Added option: 31 31 - Fire Safety Awareness Week @ https://campaign.alertaraqc.com/public/campaigns.php:6683
[     661ms] [LOG] populateAutoMLDropdown() - Added option: 29 29 - Road Safety for Students @ https://campaign.alertaraqc.com/public/campaigns.php:6683
[     661ms] [LOG] populateAutoMLDropdown() - Added option: 27 27 - Dengue Prevention and Clean-Up Drive @ https://campaign.alertaraqc.com/public/campaigns.php:6683
[     662ms] [LOG] populateAutoMLDropdown() - Added option: 25 25 - Earthquake Drill and Preparedness Campaign @ https://campaign.alertaraqc.com/public/campaigns.php:6683
[     662ms] [LOG] populateAutoMLDropdown() - Added option: 11 11 - Earthquake Go-Bag Campaign @ https://campaign.alertaraqc.com/public/campaigns.php:6683
[     662ms] [LOG] populateAutoMLDropdown() - Added option: 10 10 - Flood Evacuation Awareness @ https://campaign.alertaraqc.com/public/campaigns.php:6683
[     662ms] [LOG] populateAutoMLDropdown() - Added option: 3 3 - Flood Preparedness Campaign @ https://campaign.alertaraqc.com/public/campaigns.php:6683
[     662ms] [LOG] populateAutoMLDropdown() - Added option: 1 1 - Fire Safety Awareness Week 2025 @ https://campaign.alertaraqc.com/public/campaigns.php:6683
[     663ms] [LOG] populateAutoMLDropdown() - Successfully added 13 options. Total options now: 14 @ https://campaign.alertaraqc.com/public/campaigns.php:6687
[     663ms] [LOG] validateAutoMLForm() - Campaign selected:  Value:  @ https://campaign.alertaraqc.com/public/campaigns.php:6582
[     663ms] [LOG] validateAutoMLForm() - Button disabled (no campaign selected) @ https://campaign.alertaraqc.com/public/campaigns.php:6595
[     663ms] [LOG] Get Prediction button event listener attached @ https://campaign.alertaraqc.com/public/campaigns.php:6643
[     663ms] [LOG] validateAutoMLForm() - Campaign selected:  Value:  @ https://campaign.alertaraqc.com/public/campaigns.php:6582
[     664ms] [LOG] validateAutoMLForm() - Button disabled (no campaign selected) @ https://campaign.alertaraqc.com/public/campaigns.php:6595
[     664ms] [LOG] Dropdown changed to:  @ https://campaign.alertaraqc.com/public/campaigns.php:3943
[     664ms] [LOG] validateAutoMLForm() - Campaign selected:  Value:  @ https://campaign.alertaraqc.com/public/campaigns.php:6582
[     664ms] [LOG] validateAutoMLForm() - Button disabled (no campaign selected) @ https://campaign.alertaraqc.com/public/campaigns.php:6595
[     743ms] [LOG] Budget data loaded: {success: true, data: Array(16), summary: Object} @ https://campaign.alertaraqc.com/public/campaigns.php:8563
[     743ms] [LOG] Budget items count: 16 @ https://campaign.alertaraqc.com/public/campaigns.php:8567
[     803ms] [LOG] loadCampaigns() - Calling populateAutoMLDropdown() @ https://campaign.alertaraqc.com/public/campaigns.php:8346
[     803ms] [LOG] loadCampaigns() - allCampaigns data (from database): [Object, Object, Object, Object, Object, Object, Object, Object, Object, Object, Object, Object, Object] @ https://campaign.alertaraqc.com/public/campaigns.php:8347
[     803ms] [LOG] loadCampaigns() - Campaign count: 13 @ https://campaign.alertaraqc.com/public/campaigns.php:8348
[     803ms] [LOG] populateAutoMLDropdown() - Called. allCampaigns length: 13 @ https://campaign.alertaraqc.com/public/campaigns.php:6658
[     804ms] [LOG] populateAutoMLDropdown() - Current dropdown options: 14 @ https://campaign.alertaraqc.com/public/campaigns.php:6659
[     804ms] [LOG] populateAutoMLDropdown() - Populating with 13 campaigns @ https://campaign.alertaraqc.com/public/campaigns.php:6663
[     804ms] [LOG] populateAutoMLDropdown() - Added option: 48 48 - crime prevention month test @ https://campaign.alertaraqc.com/public/campaigns.php:6683
[     804ms] [LOG] populateAutoMLDropdown() - Added option: 47 47 - Crime Prevention Month @ https://campaign.alertaraqc.com/public/campaigns.php:6683
[     804ms] [LOG] populateAutoMLDropdown() - Added option: 37 37 - Fire Safety Awareness Week @ https://campaign.alertaraqc.com/public/campaigns.php:6683
[     804ms] [LOG] populateAutoMLDropdown() - Added option: 35 35 - Fire Safety Awareness Week @ https://campaign.alertaraqc.com/public/campaigns.php:6683
[     805ms] [LOG] populateAutoMLDropdown() - Added option: 32 32 - Community Disaster Preparedness Orientation @ https://campaign.alertaraqc.com/public/campaigns.php:6683
[     805ms] [LOG] populateAutoMLDropdown() - Added option: 31 31 - Fire Safety Awareness Week @ https://campaign.alertaraqc.com/public/campaigns.php:6683
[     805ms] [LOG] populateAutoMLDropdown() - Added option: 29 29 - Road Safety for Students @ https://campaign.alertaraqc.com/public/campaigns.php:6683
[     805ms] [LOG] populateAutoMLDropdown() - Added option: 27 27 - Dengue Prevention and Clean-Up Drive @ https://campaign.alertaraqc.com/public/campaigns.php:6683
[     805ms] [LOG] populateAutoMLDropdown() - Added option: 25 25 - Earthquake Drill and Preparedness Campaign @ https://campaign.alertaraqc.com/public/campaigns.php:6683
[     805ms] [LOG] populateAutoMLDropdown() - Added option: 11 11 - Earthquake Go-Bag Campaign @ https://campaign.alertaraqc.com/public/campaigns.php:6683
[     805ms] [LOG] populateAutoMLDropdown() - Added option: 10 10 - Flood Evacuation Awareness @ https://campaign.alertaraqc.com/public/campaigns.php:6683
[     806ms] [LOG] populateAutoMLDropdown() - Added option: 3 3 - Flood Preparedness Campaign @ https://campaign.alertaraqc.com/public/campaigns.php:6683
[     806ms] [LOG] populateAutoMLDropdown() - Added option: 1 1 - Fire Safety Awareness Week 2025 @ https://campaign.alertaraqc.com/public/campaigns.php:6683
[     806ms] [LOG] populateAutoMLDropdown() - Successfully added 13 options. Total options now: 14 @ https://campaign.alertaraqc.com/public/campaigns.php:6687
[     806ms] [LOG] validateAutoMLForm() - Campaign selected:  Value:  @ https://campaign.alertaraqc.com/public/campaigns.php:6582
[     806ms] [LOG] validateAutoMLForm() - Button disabled (no campaign selected) @ https://campaign.alertaraqc.com/public/campaigns.php:6595
[     806ms] [LOG] Get Prediction button event listener attached @ https://campaign.alertaraqc.com/public/campaigns.php:6643
[     807ms] [LOG] validateAutoMLForm() - Campaign selected:  Value:  @ https://campaign.alertaraqc.com/public/campaigns.php:6582
[     807ms] [LOG] validateAutoMLForm() - Button disabled (no campaign selected) @ https://campaign.alertaraqc.com/public/campaigns.php:6595
[     807ms] [LOG] Dropdown changed to:  @ https://campaign.alertaraqc.com/public/campaigns.php:3943
[     807ms] [LOG] loadCampaigns() - populateAutoMLDropdown() returned: true @ https://campaign.alertaraqc.com/public/campaigns.php:8351
[     807ms] [LOG] loadCampaigns() - Final dropdown option count: 13 @ https://campaign.alertaraqc.com/public/campaigns.php:8357
[     807ms] [LOG] loadCampaigns() - All dropdown options: [Object, Object, Object, Object, Object, Object, Object, Object, Object, Object, Object, Object, Object, Object] @ https://campaign.alertaraqc.com/public/campaigns.php:8366
[     808ms] [LOG] validateAutoMLForm() - Campaign selected:  Value:  @ https://campaign.alertaraqc.com/public/campaigns.php:6582
[     810ms] [LOG] validateAutoMLForm() - Button disabled (no campaign selected) @ https://campaign.alertaraqc.com/public/campaigns.php:6595
[     810ms] [LOG] validateAutoMLForm() - Campaign selected:  Value:  @ https://campaign.alertaraqc.com/public/campaigns.php:6582
[     810ms] [LOG] validateAutoMLForm() - Button disabled (no campaign selected) @ https://campaign.alertaraqc.com/public/campaigns.php:6595
[     872ms] [LOG] initializeCampaigns() - Dropdown already has 13 options @ https://campaign.alertaraqc.com/public/campaigns.php:11242
[     872ms] [LOG] validateAutoMLForm() - Campaign selected:  Value:  @ https://campaign.alertaraqc.com/public/campaigns.php:6582
[     873ms] [LOG] validateAutoMLForm() - Button disabled (no campaign selected) @ https://campaign.alertaraqc.com/public/campaigns.php:6595
[     873ms] [LOG] initializeCampaigns() - Found Get Prediction button @ https://campaign.alertaraqc.com/public/campaigns.php:11249
[     873ms] [LOG] initializeCampaigns() - Get Prediction button event listeners attached @ https://campaign.alertaraqc.com/public/campaigns.php:11276
[     873ms] [LOG] initializeCampaigns() - Found Refresh button @ https://campaign.alertaraqc.com/public/campaigns.php:11284
[     873ms] [LOG] initializeCampaigns() - Refresh button event listener attached @ https://campaign.alertaraqc.com/public/campaigns.php:11316
[   29968ms] [LOG] === TASK 4 PROOF: getToken() called === @ https://campaign.alertaraqc.com/public/campaigns.php:5243
[   29968ms] [LOG] TASK 4: localStorage.getItem("jwtToken") result: EXISTS (length: 353) @ https://campaign.alertaraqc.com/public/campaigns.php:5244
[   29968ms] [LOG] TASK 4: Token value (first 20 chars): eyJ0eXAiOiJKV1QiLCJh... @ https://campaign.alertaraqc.com/public/campaigns.php:5245
[   29968ms] [LOG] TASK 4: Token after trim: eyJ0eXAiOiJKV1QiLCJh... @ https://campaign.alertaraqc.com/public/campaigns.php:5246
[   29968ms] [LOG] === TASK 4 PROOF: Token returned (length: 353) === @ https://campaign.alertaraqc.com/public/campaigns.php:5253
[ 1437086ms] [LOG] === TASK 4 PROOF: getToken() called === @ https://campaign.alertaraqc.com/public/campaigns.php:5243
[ 1437086ms] [LOG] TASK 4: localStorage.getItem("jwtToken") result: EXISTS (length: 353) @ https://campaign.alertaraqc.com/public/campaigns.php:5244
[ 1437086ms] [LOG] TASK 4: Token value (first 20 chars): eyJ0eXAiOiJKV1QiLCJh... @ https://campaign.alertaraqc.com/public/campaigns.php:5245
[ 1437086ms] [LOG] TASK 4: Token after trim: eyJ0eXAiOiJKV1QiLCJh... @ https://campaign.alertaraqc.com/public/campaigns.php:5246
[ 1437086ms] [LOG] === TASK 4 PROOF: Token returned (length: 353) === @ https://campaign.alertaraqc.com/public/campaigns.php:5253
[ 1437151ms] [LOG] === TASK 4 PROOF: getToken() called === @ https://campaign.alertaraqc.com/public/campaigns.php:5243
[ 1437152ms] [LOG] TASK 4: localStorage.getItem("jwtToken") result: EXISTS (length: 353) @ https://campaign.alertaraqc.com/public/campaigns.php:5244
[ 1437152ms] [LOG] TASK 4: Token value (first 20 chars): eyJ0eXAiOiJKV1QiLCJh... @ https://campaign.alertaraqc.com/public/campaigns.php:5245
[ 1437152ms] [LOG] TASK 4: Token after trim: eyJ0eXAiOiJKV1QiLCJh... @ https://campaign.alertaraqc.com/public/campaigns.php:5246
[ 1437152ms] [LOG] === TASK 4 PROOF: Token returned (length: 353) === @ https://campaign.alertaraqc.com/public/campaigns.php:5253
[ 1443982ms] [LOG] === TASK 4 PROOF: getToken() called === @ https://campaign.alertaraqc.com/public/campaigns.php:5243
[ 1443982ms] [LOG] TASK 4: localStorage.getItem("jwtToken") result: EXISTS (length: 353) @ https://campaign.alertaraqc.com/public/campaigns.php:5244
[ 1443982ms] [LOG] TASK 4: Token value (first 20 chars): eyJ0eXAiOiJKV1QiLCJh... @ https://campaign.alertaraqc.com/public/campaigns.php:5245
[ 1443982ms] [LOG] TASK 4: Token after trim: eyJ0eXAiOiJKV1QiLCJh... @ https://campaign.alertaraqc.com/public/campaigns.php:5246
[ 1443982ms] [LOG] === TASK 4 PROOF: Token returned (length: 353) === @ https://campaign.alertaraqc.com/public/campaigns.php:5253
[ 1462062ms] [WARNING] Synchronous confirm() called. Please convert to: const confirmed = await customConfirm(message); @ https://campaign.alertaraqc.com/public/js/modal-replacer.js:31
[ 1463150ms] [LOG] === TASK 4 PROOF: getToken() called === @ https://campaign.alertaraqc.com/public/campaigns.php:5243
[ 1463150ms] [LOG] TASK 4: localStorage.getItem("jwtToken") result: EXISTS (length: 353) @ https://campaign.alertaraqc.com/public/campaigns.php:5244
[ 1463150ms] [LOG] TASK 4: Token value (first 20 chars): eyJ0eXAiOiJKV1QiLCJh... @ https://campaign.alertaraqc.com/public/campaigns.php:5245
[ 1463150ms] [LOG] TASK 4: Token after trim: eyJ0eXAiOiJKV1QiLCJh... @ https://campaign.alertaraqc.com/public/campaigns.php:5246
[ 1463150ms] [LOG] === TASK 4 PROOF: Token returned (length: 353) === @ https://campaign.alertaraqc.com/public/campaigns.php:5253
[ 1463224ms] [LOG] === TASK 4 PROOF: getToken() called === @ https://campaign.alertaraqc.com/public/campaigns.php:5243
[ 1463224ms] [LOG] TASK 4: localStorage.getItem("jwtToken") result: EXISTS (length: 353) @ https://campaign.alertaraqc.com/public/campaigns.php:5244
[ 1463224ms] [LOG] TASK 4: Token value (first 20 chars): eyJ0eXAiOiJKV1QiLCJh... @ https://campaign.alertaraqc.com/public/campaigns.php:5245
[ 1463224ms] [LOG] TASK 4: Token after trim: eyJ0eXAiOiJKV1QiLCJh... @ https://campaign.alertaraqc.com/public/campaigns.php:5246
[ 1463224ms] [LOG] === TASK 4 PROOF: Token returned (length: 353) === @ https://campaign.alertaraqc.com/public/campaigns.php:5253
[ 2029323ms] [LOG] === TASK 4 PROOF: getToken() called === @ https://campaign.alertaraqc.com/public/campaigns.php:5243
[ 2029324ms] [LOG] TASK 4: localStorage.getItem("jwtToken") result: EXISTS (length: 353) @ https://campaign.alertaraqc.com/public/campaigns.php:5244
[ 2029324ms] [LOG] TASK 4: Token value (first 20 chars): eyJ0eXAiOiJKV1QiLCJh... @ https://campaign.alertaraqc.com/public/campaigns.php:5245
[ 2029324ms] [LOG] TASK 4: Token after trim: eyJ0eXAiOiJKV1QiLCJh... @ https://campaign.alertaraqc.com/public/campaigns.php:5246
[ 2029324ms] [LOG] === TASK 4 PROOF: Token returned (length: 353) === @ https://campaign.alertaraqc.com/public/campaigns.php:5253
[ 2047059ms] [LOG] === TASK 4 PROOF: getToken() called === @ https://campaign.alertaraqc.com/public/campaigns.php:5243
[ 2047060ms] [LOG] TASK 4: localStorage.getItem("jwtToken") result: EXISTS (length: 353) @ https://campaign.alertaraqc.com/public/campaigns.php:5244
[ 2047060ms] [LOG] TASK 4: Token value (first 20 chars): eyJ0eXAiOiJKV1QiLCJh... @ https://campaign.alertaraqc.com/public/campaigns.php:5245
[ 2047060ms] [LOG] TASK 4: Token after trim: eyJ0eXAiOiJKV1QiLCJh... @ https://campaign.alertaraqc.com/public/campaigns.php:5246
[ 2047060ms] [LOG] === TASK 4 PROOF: Token returned (length: 353) === @ https://campaign.alertaraqc.com/public/campaigns.php:5253
[ 2051539ms] [LOG] RBAC: Refreshed role detection - role = admin , roleId = 1 @ https://campaign.alertaraqc.com/public/campaigns.php:5431
[ 2051540ms] [LOG] === TASK 4 PROOF: getToken() called === @ https://campaign.alertaraqc.com/public/campaigns.php:5243
[ 2051540ms] [LOG] TASK 4: localStorage.getItem("jwtToken") result: EXISTS (length: 353) @ https://campaign.alertaraqc.com/public/campaigns.php:5244
[ 2051540ms] [LOG] TASK 4: Token value (first 20 chars): eyJ0eXAiOiJKV1QiLCJh... @ https://campaign.alertaraqc.com/public/campaigns.php:5245
[ 2051540ms] [LOG] TASK 4: Token after trim: eyJ0eXAiOiJKV1QiLCJh... @ https://campaign.alertaraqc.com/public/campaigns.php:5246
[ 2051540ms] [LOG] === TASK 4 PROOF: Token returned (length: 353) === @ https://campaign.alertaraqc.com/public/campaigns.php:5253
[ 2051540ms] [LOG] loadCampaigns() - Making API call with token (length: 353) @ https://campaign.alertaraqc.com/public/campaigns.php:8099
[ 2051612ms] [LOG] loadCampaigns() - Response status: 200 @ https://campaign.alertaraqc.com/public/campaigns.php:8107
[ 2051613ms] [LOG] loadCampaigns() - Response text length: 8504 @ https://campaign.alertaraqc.com/public/campaigns.php:8111
[ 2051613ms] [LOG] loadCampaigns() - Received data: {data: Array(13)} @ https://campaign.alertaraqc.com/public/campaigns.php:8148
[ 2051613ms] [LOG] loadCampaigns() - Campaigns count: 13 @ https://campaign.alertaraqc.com/public/campaigns.php:8150
[ 2051614ms] [LOG] loadCampaigns() - Filtered out archived, remaining: 13 @ https://campaign.alertaraqc.com/public/campaigns.php:8157
[ 2051614ms] [LOG] loadCampaigns() - Rendering 13 campaigns @ https://campaign.alertaraqc.com/public/campaigns.php:8181
[ 2051614ms] [LOG] loadCampaigns() - Populating dropdowns with 13 campaigns @ https://campaign.alertaraqc.com/public/campaigns.php:8195
[ 2051614ms] [LOG] loadCampaigns() - Rendering campaigns. Current role: admin Role ID: 1 @ https://campaign.alertaraqc.com/public/campaigns.php:8198
[ 2051614ms] [LOG] loadCampaigns() - isAdmin(): true isViewer(): false @ https://campaign.alertaraqc.com/public/campaigns.php:8199
[ 2051615ms] [LOG] populateAutoMLDropdown() - Called. allCampaigns length: 13 @ https://campaign.alertaraqc.com/public/campaigns.php:6658
[ 2051615ms] [LOG] populateAutoMLDropdown() - Current dropdown options: 1 @ https://campaign.alertaraqc.com/public/campaigns.php:6659
[ 2051615ms] [LOG] populateAutoMLDropdown() - Populating with 13 campaigns @ https://campaign.alertaraqc.com/public/campaigns.php:6663
[ 2051616ms] [LOG] populateAutoMLDropdown() - Added option: 48 48 - crime prevention month test @ https://campaign.alertaraqc.com/public/campaigns.php:6683
[ 2051616ms] [LOG] populateAutoMLDropdown() - Added option: 47 47 - Crime Prevention Month @ https://campaign.alertaraqc.com/public/campaigns.php:6683
[ 2051616ms] [LOG] populateAutoMLDropdown() - Added option: 37 37 - Fire Safety Awareness Week @ https://campaign.alertaraqc.com/public/campaigns.php:6683
[ 2051616ms] [LOG] populateAutoMLDropdown() - Added option: 35 35 - Fire Safety Awareness Week @ https://campaign.alertaraqc.com/public/campaigns.php:6683
[ 2051616ms] [LOG] populateAutoMLDropdown() - Added option: 32 32 - Community Disaster Preparedness Orientation @ https://campaign.alertaraqc.com/public/campaigns.php:6683
[ 2051617ms] [LOG] populateAutoMLDropdown() - Added option: 31 31 - Fire Safety Awareness Week @ https://campaign.alertaraqc.com/public/campaigns.php:6683
[ 2051617ms] [LOG] populateAutoMLDropdown() - Added option: 29 29 - Road Safety for Students @ https://campaign.alertaraqc.com/public/campaigns.php:6683
[ 2051617ms] [LOG] populateAutoMLDropdown() - Added option: 27 27 - Dengue Prevention and Clean-Up Drive @ https://campaign.alertaraqc.com/public/campaigns.php:6683
[ 2051617ms] [LOG] populateAutoMLDropdown() - Added option: 25 25 - Earthquake Drill and Preparedness Campaign @ https://campaign.alertaraqc.com/public/campaigns.php:6683
[ 2051617ms] [LOG] populateAutoMLDropdown() - Added option: 11 11 - Earthquake Go-Bag Campaign @ https://campaign.alertaraqc.com/public/campaigns.php:6683
[ 2051617ms] [LOG] populateAutoMLDropdown() - Added option: 10 10 - Flood Evacuation Awareness @ https://campaign.alertaraqc.com/public/campaigns.php:6683
[ 2051617ms] [LOG] populateAutoMLDropdown() - Added option: 3 3 - Flood Preparedness Campaign @ https://campaign.alertaraqc.com/public/campaigns.php:6683
[ 2051618ms] [LOG] populateAutoMLDropdown() - Added option: 1 1 - Fire Safety Awareness Week 2025 @ https://campaign.alertaraqc.com/public/campaigns.php:6683
[ 2051618ms] [LOG] populateAutoMLDropdown() - Successfully added 13 options. Total options now: 14 @ https://campaign.alertaraqc.com/public/campaigns.php:6687
[ 2051619ms] [LOG] validateAutoMLForm() - Campaign selected:  Value:  @ https://campaign.alertaraqc.com/public/campaigns.php:6582
[ 2051619ms] [LOG] validateAutoMLForm() - Button disabled (no campaign selected) @ https://campaign.alertaraqc.com/public/campaigns.php:6595
[ 2051619ms] [LOG] Get Prediction button event listener attached @ https://campaign.alertaraqc.com/public/campaigns.php:6643
[ 2051619ms] [LOG] validateAutoMLForm() - Campaign selected:  Value:  @ https://campaign.alertaraqc.com/public/campaigns.php:6582
[ 2051619ms] [LOG] validateAutoMLForm() - Button disabled (no campaign selected) @ https://campaign.alertaraqc.com/public/campaigns.php:6595
[ 2051619ms] [LOG] Dropdown changed to:  @ https://campaign.alertaraqc.com/public/campaigns.php:3943
[ 2051620ms] [LOG] Rendering Actions for campaign 48 Status: draft Current Role: admin @ https://campaign.alertaraqc.com/public/campaigns.php:8225
[ 2051620ms] [LOG] isAdmin(): true isViewer(): false isStaff(): false isSecretary(): false isKagawad(): false isCaptain(): false @ https://campaign.alertaraqc.com/public/campaigns.php:8226
[ 2051620ms] [LOG] Rendering Actions for campaign 47 Status: scheduled Current Role: admin @ https://campaign.alertaraqc.com/public/campaigns.php:8225
[ 2051621ms] [LOG] isAdmin(): true isViewer(): false isStaff(): false isSecretary(): false isKagawad(): false isCaptain(): false @ https://campaign.alertaraqc.com/public/campaigns.php:8226
[ 2051621ms] [LOG] Rendering Actions for campaign 37 Status: scheduled Current Role: admin @ https://campaign.alertaraqc.com/public/campaigns.php:8225
[ 2051621ms] [LOG] isAdmin(): true isViewer(): false isStaff(): false isSecretary(): false isKagawad(): false isCaptain(): false @ https://campaign.alertaraqc.com/public/campaigns.php:8226
[ 2051622ms] [LOG] Rendering Actions for campaign 35 Status: approved Current Role: admin @ https://campaign.alertaraqc.com/public/campaigns.php:8225
[ 2051622ms] [LOG] isAdmin(): true isViewer(): false isStaff(): false isSecretary(): false isKagawad(): false isCaptain(): false @ https://campaign.alertaraqc.com/public/campaigns.php:8226
[ 2051623ms] [LOG] Rendering Actions for campaign 32 Status: scheduled Current Role: admin @ https://campaign.alertaraqc.com/public/campaigns.php:8225
[ 2051623ms] [LOG] isAdmin(): true isViewer(): false isStaff(): false isSecretary(): false isKagawad(): false isCaptain(): false @ https://campaign.alertaraqc.com/public/campaigns.php:8226
[ 2051623ms] [LOG] Rendering Actions for campaign 31 Status: approved Current Role: admin @ https://campaign.alertaraqc.com/public/campaigns.php:8225
[ 2051623ms] [LOG] isAdmin(): true isViewer(): false isStaff(): false isSecretary(): false isKagawad(): false isCaptain(): false @ https://campaign.alertaraqc.com/public/campaigns.php:8226
[ 2051624ms] [LOG] Rendering Actions for campaign 29 Status: scheduled Current Role: admin @ https://campaign.alertaraqc.com/public/campaigns.php:8225
[ 2051624ms] [LOG] isAdmin(): true isViewer(): false isStaff(): false isSecretary(): false isKagawad(): false isCaptain(): false @ https://campaign.alertaraqc.com/public/campaigns.php:8226
[ 2051625ms] [LOG] Rendering Actions for campaign 27 Status: draft Current Role: admin @ https://campaign.alertaraqc.com/public/campaigns.php:8225
[ 2051625ms] [LOG] isAdmin(): true isViewer(): false isStaff(): false isSecretary(): false isKagawad(): false isCaptain(): false @ https://campaign.alertaraqc.com/public/campaigns.php:8226
[ 2051625ms] [LOG] Rendering Actions for campaign 25 Status: scheduled Current Role: admin @ https://campaign.alertaraqc.com/public/campaigns.php:8225
[ 2051626ms] [LOG] isAdmin(): true isViewer(): false isStaff(): false isSecretary(): false isKagawad(): false isCaptain(): false @ https://campaign.alertaraqc.com/public/campaigns.php:8226
[ 2051626ms] [LOG] Rendering Actions for campaign 10 Status: scheduled Current Role: admin @ https://campaign.alertaraqc.com/public/campaigns.php:8225
[ 2051626ms] [LOG] isAdmin(): true isViewer(): false isStaff(): false isSecretary(): false isKagawad(): false isCaptain(): false @ https://campaign.alertaraqc.com/public/campaigns.php:8226
[ 2051627ms] [LOG] Rendering Actions for campaign 11 Status: approved Current Role: admin @ https://campaign.alertaraqc.com/public/campaigns.php:8225
[ 2051627ms] [LOG] isAdmin(): true isViewer(): false isStaff(): false isSecretary(): false isKagawad(): false isCaptain(): false @ https://campaign.alertaraqc.com/public/campaigns.php:8226
[ 2051628ms] [LOG] Rendering Actions for campaign 1 Status: approved Current Role: admin @ https://campaign.alertaraqc.com/public/campaigns.php:8225
[ 2051628ms] [LOG] isAdmin(): true isViewer(): false isStaff(): false isSecretary(): false isKagawad(): false isCaptain(): false @ https://campaign.alertaraqc.com/public/campaigns.php:8226
[ 2051628ms] [LOG] Rendering Actions for campaign 3 Status: pending Current Role: admin @ https://campaign.alertaraqc.com/public/campaigns.php:8225
[ 2051629ms] [LOG] isAdmin(): true isViewer(): false isStaff(): false isSecretary(): false isKagawad(): false isCaptain(): false @ https://campaign.alertaraqc.com/public/campaigns.php:8226
[ 2051629ms] [LOG] loadCampaigns() - Dropdowns populated. automlSelect options: 14 @ https://campaign.alertaraqc.com/public/campaigns.php:8340
[ 2051629ms] [LOG] === TASK 4 PROOF: getToken() called === @ https://campaign.alertaraqc.com/public/campaigns.php:5243
[ 2051629ms] [LOG] TASK 4: localStorage.getItem("jwtToken") result: EXISTS (length: 353) @ https://campaign.alertaraqc.com/public/campaigns.php:5244
[ 2051630ms] [LOG] TASK 4: Token value (first 20 chars): eyJ0eXAiOiJKV1QiLCJh... @ https://campaign.alertaraqc.com/public/campaigns.php:5245
[ 2051630ms] [LOG] TASK 4: Token after trim: eyJ0eXAiOiJKV1QiLCJh... @ https://campaign.alertaraqc.com/public/campaigns.php:5246
[ 2051630ms] [LOG] === TASK 4 PROOF: Token returned (length: 353) === @ https://campaign.alertaraqc.com/public/campaigns.php:5253
[ 2051634ms] [LOG] === TASK 4 PROOF: getToken() called === @ https://campaign.alertaraqc.com/public/campaigns.php:5243
[ 2051634ms] [LOG] TASK 4: localStorage.getItem("jwtToken") result: EXISTS (length: 353) @ https://campaign.alertaraqc.com/public/campaigns.php:5244
[ 2051634ms] [LOG] TASK 4: Token value (first 20 chars): eyJ0eXAiOiJKV1QiLCJh... @ https://campaign.alertaraqc.com/public/campaigns.php:5245
[ 2051634ms] [LOG] TASK 4: Token after trim: eyJ0eXAiOiJKV1QiLCJh... @ https://campaign.alertaraqc.com/public/campaigns.php:5246
[ 2051634ms] [LOG] === TASK 4 PROOF: Token returned (length: 353) === @ https://campaign.alertaraqc.com/public/campaigns.php:5253
[ 2051757ms] [LOG] Budget data loaded: {success: true, data: Array(16), summary: Object} @ https://campaign.alertaraqc.com/public/campaigns.php:8563
[ 2051757ms] [LOG] Budget items count: 16 @ https://campaign.alertaraqc.com/public/campaigns.php:8567
[ 2051787ms] [LOG] loadCampaigns() - Calling populateAutoMLDropdown() @ https://campaign.alertaraqc.com/public/campaigns.php:8346
[ 2051787ms] [LOG] loadCampaigns() - allCampaigns data (from database): [Object, Object, Object, Object, Object, Object, Object, Object, Object, Object, Object, Object, Object] @ https://campaign.alertaraqc.com/public/campaigns.php:8347
[ 2051788ms] [LOG] loadCampaigns() - Campaign count: 13 @ https://campaign.alertaraqc.com/public/campaigns.php:8348
[ 2051788ms] [LOG] populateAutoMLDropdown() - Called. allCampaigns length: 13 @ https://campaign.alertaraqc.com/public/campaigns.php:6658
[ 2051788ms] [LOG] populateAutoMLDropdown() - Current dropdown options: 14 @ https://campaign.alertaraqc.com/public/campaigns.php:6659
[ 2051788ms] [LOG] populateAutoMLDropdown() - Populating with 13 campaigns @ https://campaign.alertaraqc.com/public/campaigns.php:6663
[ 2051788ms] [LOG] populateAutoMLDropdown() - Added option: 48 48 - crime prevention month test @ https://campaign.alertaraqc.com/public/campaigns.php:6683
[ 2051788ms] [LOG] populateAutoMLDropdown() - Added option: 47 47 - Crime Prevention Month @ https://campaign.alertaraqc.com/public/campaigns.php:6683
[ 2051789ms] [LOG] populateAutoMLDropdown() - Added option: 37 37 - Fire Safety Awareness Week @ https://campaign.alertaraqc.com/public/campaigns.php:6683
[ 2051789ms] [LOG] populateAutoMLDropdown() - Added option: 35 35 - Fire Safety Awareness Week @ https://campaign.alertaraqc.com/public/campaigns.php:6683
[ 2051789ms] [LOG] populateAutoMLDropdown() - Added option: 32 32 - Community Disaster Preparedness Orientation @ https://campaign.alertaraqc.com/public/campaigns.php:6683
[ 2051789ms] [LOG] populateAutoMLDropdown() - Added option: 31 31 - Fire Safety Awareness Week @ https://campaign.alertaraqc.com/public/campaigns.php:6683
[ 2051789ms] [LOG] populateAutoMLDropdown() - Added option: 29 29 - Road Safety for Students @ https://campaign.alertaraqc.com/public/campaigns.php:6683
[ 2051789ms] [LOG] populateAutoMLDropdown() - Added option: 27 27 - Dengue Prevention and Clean-Up Drive @ https://campaign.alertaraqc.com/public/campaigns.php:6683
[ 2051789ms] [LOG] populateAutoMLDropdown() - Added option: 25 25 - Earthquake Drill and Preparedness Campaign @ https://campaign.alertaraqc.com/public/campaigns.php:6683
[ 2051789ms] [LOG] populateAutoMLDropdown() - Added option: 11 11 - Earthquake Go-Bag Campaign @ https://campaign.alertaraqc.com/public/campaigns.php:6683
[ 2051789ms] [LOG] populateAutoMLDropdown() - Added option: 10 10 - Flood Evacuation Awareness @ https://campaign.alertaraqc.com/public/campaigns.php:6683
[ 2051790ms] [LOG] populateAutoMLDropdown() - Added option: 3 3 - Flood Preparedness Campaign @ https://campaign.alertaraqc.com/public/campaigns.php:6683
[ 2051790ms] [LOG] populateAutoMLDropdown() - Added option: 1 1 - Fire Safety Awareness Week 2025 @ https://campaign.alertaraqc.com/public/campaigns.php:6683
[ 2051790ms] [LOG] populateAutoMLDropdown() - Successfully added 13 options. Total options now: 14 @ https://campaign.alertaraqc.com/public/campaigns.php:6687
[ 2051790ms] [LOG] validateAutoMLForm() - Campaign selected:  Value:  @ https://campaign.alertaraqc.com/public/campaigns.php:6582
[ 2051790ms] [LOG] validateAutoMLForm() - Button disabled (no campaign selected) @ https://campaign.alertaraqc.com/public/campaigns.php:6595
[ 2051790ms] [LOG] Get Prediction button event listener attached @ https://campaign.alertaraqc.com/public/campaigns.php:6643
[ 2051790ms] [LOG] validateAutoMLForm() - Campaign selected:  Value:  @ https://campaign.alertaraqc.com/public/campaigns.php:6582
[ 2051790ms] [LOG] validateAutoMLForm() - Button disabled (no campaign selected) @ https://campaign.alertaraqc.com/public/campaigns.php:6595
[ 2051791ms] [LOG] Dropdown changed to:  @ https://campaign.alertaraqc.com/public/campaigns.php:3943
[ 2051791ms] [LOG] loadCampaigns() - populateAutoMLDropdown() returned: true @ https://campaign.alertaraqc.com/public/campaigns.php:8351
[ 2051791ms] [LOG] loadCampaigns() - Final dropdown option count: 13 @ https://campaign.alertaraqc.com/public/campaigns.php:8357
[ 2051791ms] [LOG] loadCampaigns() - All dropdown options: [Object, Object, Object, Object, Object, Object, Object, Object, Object, Object, Object, Object, Object, Object] @ https://campaign.alertaraqc.com/public/campaigns.php:8366
[ 2051791ms] [LOG] validateAutoMLForm() - Campaign selected:  Value:  @ https://campaign.alertaraqc.com/public/campaigns.php:6582
[ 2051791ms] [LOG] validateAutoMLForm() - Button disabled (no campaign selected) @ https://campaign.alertaraqc.com/public/campaigns.php:6595
[ 2051791ms] [LOG] validateAutoMLForm() - Campaign selected:  Value:  @ https://campaign.alertaraqc.com/public/campaigns.php:6582
[ 2051792ms] [LOG] validateAutoMLForm() - Button disabled (no campaign selected) @ https://campaign.alertaraqc.com/public/campaigns.php:6595
[ 2052531ms] [LOG] === TASK 4 PROOF: getToken() called === @ https://campaign.alertaraqc.com/public/campaigns.php:5243
[ 2052531ms] [LOG] TASK 4: localStorage.getItem("jwtToken") result: EXISTS (length: 353) @ https://campaign.alertaraqc.com/public/campaigns.php:5244
[ 2052531ms] [LOG] TASK 4: Token value (first 20 chars): eyJ0eXAiOiJKV1QiLCJh... @ https://campaign.alertaraqc.com/public/campaigns.php:5245
[ 2052531ms] [LOG] TASK 4: Token after trim: eyJ0eXAiOiJKV1QiLCJh... @ https://campaign.alertaraqc.com/public/campaigns.php:5246
[ 2052531ms] [LOG] === TASK 4 PROOF: Token returned (length: 353) === @ https://campaign.alertaraqc.com/public/campaigns.php:5253
[ 2052595ms] [LOG] === TASK 4 PROOF: getToken() called === @ https://campaign.alertaraqc.com/public/campaigns.php:5243
[ 2052595ms] [LOG] TASK 4: localStorage.getItem("jwtToken") result: EXISTS (length: 353) @ https://campaign.alertaraqc.com/public/campaigns.php:5244
[ 2052596ms] [LOG] TASK 4: Token value (first 20 chars): eyJ0eXAiOiJKV1QiLCJh... @ https://campaign.alertaraqc.com/public/campaigns.php:5245
[ 2052596ms] [LOG] TASK 4: Token after trim: eyJ0eXAiOiJKV1QiLCJh... @ https://campaign.alertaraqc.com/public/campaigns.php:5246
[ 2052596ms] [LOG] === TASK 4 PROOF: Token returned (length: 353) === @ https://campaign.alertaraqc.com/public/campaigns.php:5253
[ 2059011ms] [LOG] === TASK 4 PROOF: getToken() called === @ https://campaign.alertaraqc.com/public/campaigns.php:5243
[ 2059011ms] [LOG] TASK 4: localStorage.getItem("jwtToken") result: EXISTS (length: 353) @ https://campaign.alertaraqc.com/public/campaigns.php:5244
[ 2059011ms] [LOG] TASK 4: Token value (first 20 chars): eyJ0eXAiOiJKV1QiLCJh... @ https://campaign.alertaraqc.com/public/campaigns.php:5245
[ 2059011ms] [LOG] TASK 4: Token after trim: eyJ0eXAiOiJKV1QiLCJh... @ https://campaign.alertaraqc.com/public/campaigns.php:5246
[ 2059011ms] [LOG] === TASK 4 PROOF: Token returned (length: 353) === @ https://campaign.alertaraqc.com/public/campaigns.php:5253
[ 2059071ms] [LOG] === TASK 4 PROOF: getToken() called === @ https://campaign.alertaraqc.com/public/campaigns.php:5243
[ 2059072ms] [LOG] TASK 4: localStorage.getItem("jwtToken") result: EXISTS (length: 353) @ https://campaign.alertaraqc.com/public/campaigns.php:5244
[ 2059072ms] [LOG] TASK 4: Token value (first 20 chars): eyJ0eXAiOiJKV1QiLCJh... @ https://campaign.alertaraqc.com/public/campaigns.php:5245
[ 2059072ms] [LOG] TASK 4: Token after trim: eyJ0eXAiOiJKV1QiLCJh... @ https://campaign.alertaraqc.com/public/campaigns.php:5246
[ 2059072ms] [LOG] === TASK 4 PROOF: Token returned (length: 353) === @ https://campaign.alertaraqc.com/public/campaigns.php:5253
[ 2061994ms] [LOG] RBAC: Refreshed role detection - role = admin , roleId = 1 @ https://campaign.alertaraqc.com/public/campaigns.php:5431
[ 2061995ms] [LOG] === TASK 4 PROOF: getToken() called === @ https://campaign.alertaraqc.com/public/campaigns.php:5243
[ 2061995ms] [LOG] TASK 4: localStorage.getItem("jwtToken") result: EXISTS (length: 353) @ https://campaign.alertaraqc.com/public/campaigns.php:5244
[ 2061995ms] [LOG] TASK 4: Token value (first 20 chars): eyJ0eXAiOiJKV1QiLCJh... @ https://campaign.alertaraqc.com/public/campaigns.php:5245
[ 2061995ms] [LOG] TASK 4: Token after trim: eyJ0eXAiOiJKV1QiLCJh... @ https://campaign.alertaraqc.com/public/campaigns.php:5246
[ 2061995ms] [LOG] === TASK 4 PROOF: Token returned (length: 353) === @ https://campaign.alertaraqc.com/public/campaigns.php:5253
[ 2061995ms] [LOG] loadCampaigns() - Making API call with token (length: 353) @ https://campaign.alertaraqc.com/public/campaigns.php:8099
[ 2062061ms] [LOG] loadCampaigns() - Response status: 200 @ https://campaign.alertaraqc.com/public/campaigns.php:8107
[ 2062062ms] [LOG] loadCampaigns() - Response text length: 8504 @ https://campaign.alertaraqc.com/public/campaigns.php:8111
[ 2062062ms] [LOG] loadCampaigns() - Received data: {data: Array(13)} @ https://campaign.alertaraqc.com/public/campaigns.php:8148
[ 2062062ms] [LOG] loadCampaigns() - Campaigns count: 13 @ https://campaign.alertaraqc.com/public/campaigns.php:8150
[ 2062062ms] [LOG] loadCampaigns() - Filtered out archived, remaining: 13 @ https://campaign.alertaraqc.com/public/campaigns.php:8157
[ 2062063ms] [LOG] loadCampaigns() - Rendering 13 campaigns @ https://campaign.alertaraqc.com/public/campaigns.php:8181
[ 2062063ms] [LOG] loadCampaigns() - Populating dropdowns with 13 campaigns @ https://campaign.alertaraqc.com/public/campaigns.php:8195
[ 2062063ms] [LOG] loadCampaigns() - Rendering campaigns. Current role: admin Role ID: 1 @ https://campaign.alertaraqc.com/public/campaigns.php:8198
[ 2062063ms] [LOG] loadCampaigns() - isAdmin(): true isViewer(): false @ https://campaign.alertaraqc.com/public/campaigns.php:8199
[ 2062063ms] [LOG] populateAutoMLDropdown() - Called. allCampaigns length: 13 @ https://campaign.alertaraqc.com/public/campaigns.php:6658
[ 2062063ms] [LOG] populateAutoMLDropdown() - Current dropdown options: 1 @ https://campaign.alertaraqc.com/public/campaigns.php:6659
[ 2062064ms] [LOG] populateAutoMLDropdown() - Populating with 13 campaigns @ https://campaign.alertaraqc.com/public/campaigns.php:6663
[ 2062064ms] [LOG] populateAutoMLDropdown() - Added option: 48 48 - crime prevention month test @ https://campaign.alertaraqc.com/public/campaigns.php:6683
[ 2062064ms] [LOG] populateAutoMLDropdown() - Added option: 47 47 - Crime Prevention Month @ https://campaign.alertaraqc.com/public/campaigns.php:6683
[ 2062064ms] [LOG] populateAutoMLDropdown() - Added option: 37 37 - Fire Safety Awareness Week @ https://campaign.alertaraqc.com/public/campaigns.php:6683
[ 2062064ms] [LOG] populateAutoMLDropdown() - Added option: 35 35 - Fire Safety Awareness Week @ https://campaign.alertaraqc.com/public/campaigns.php:6683
[ 2062064ms] [LOG] populateAutoMLDropdown() - Added option: 32 32 - Community Disaster Preparedness Orientation @ https://campaign.alertaraqc.com/public/campaigns.php:6683
[ 2062065ms] [LOG] populateAutoMLDropdown() - Added option: 31 31 - Fire Safety Awareness Week @ https://campaign.alertaraqc.com/public/campaigns.php:6683
[ 2062065ms] [LOG] populateAutoMLDropdown() - Added option: 29 29 - Road Safety for Students @ https://campaign.alertaraqc.com/public/campaigns.php:6683
[ 2062065ms] [LOG] populateAutoMLDropdown() - Added option: 27 27 - Dengue Prevention and Clean-Up Drive @ https://campaign.alertaraqc.com/public/campaigns.php:6683
[ 2062065ms] [LOG] populateAutoMLDropdown() - Added option: 25 25 - Earthquake Drill and Preparedness Campaign @ https://campaign.alertaraqc.com/public/campaigns.php:6683
[ 2062065ms] [LOG] populateAutoMLDropdown() - Added option: 11 11 - Earthquake Go-Bag Campaign @ https://campaign.alertaraqc.com/public/campaigns.php:6683
[ 2062066ms] [LOG] populateAutoMLDropdown() - Added option: 10 10 - Flood Evacuation Awareness @ https://campaign.alertaraqc.com/public/campaigns.php:6683
[ 2062066ms] [LOG] populateAutoMLDropdown() - Added option: 3 3 - Flood Preparedness Campaign @ https://campaign.alertaraqc.com/public/campaigns.php:6683
[ 2062066ms] [LOG] populateAutoMLDropdown() - Added option: 1 1 - Fire Safety Awareness Week 2025 @ https://campaign.alertaraqc.com/public/campaigns.php:6683
[ 2062066ms] [LOG] populateAutoMLDropdown() - Successfully added 13 options. Total options now: 14 @ https://campaign.alertaraqc.com/public/campaigns.php:6687
[ 2062066ms] [LOG] validateAutoMLForm() - Campaign selected:  Value:  @ https://campaign.alertaraqc.com/public/campaigns.php:6582
[ 2062067ms] [LOG] validateAutoMLForm() - Button disabled (no campaign selected) @ https://campaign.alertaraqc.com/public/campaigns.php:6595
[ 2062067ms] [LOG] Get Prediction button event listener attached @ https://campaign.alertaraqc.com/public/campaigns.php:6643
[ 2062067ms] [LOG] validateAutoMLForm() - Campaign selected:  Value:  @ https://campaign.alertaraqc.com/public/campaigns.php:6582
[ 2062067ms] [LOG] validateAutoMLForm() - Button disabled (no campaign selected) @ https://campaign.alertaraqc.com/public/campaigns.php:6595
[ 2062067ms] [LOG] Dropdown changed to:  @ https://campaign.alertaraqc.com/public/campaigns.php:3943
[ 2062068ms] [LOG] Rendering Actions for campaign 48 Status: draft Current Role: admin @ https://campaign.alertaraqc.com/public/campaigns.php:8225
[ 2062068ms] [LOG] isAdmin(): true isViewer(): false isStaff(): false isSecretary(): false isKagawad(): false isCaptain(): false @ https://campaign.alertaraqc.com/public/campaigns.php:8226
[ 2062068ms] [LOG] Rendering Actions for campaign 47 Status: scheduled Current Role: admin @ https://campaign.alertaraqc.com/public/campaigns.php:8225
[ 2062068ms] [LOG] isAdmin(): true isViewer(): false isStaff(): false isSecretary(): false isKagawad(): false isCaptain(): false @ https://campaign.alertaraqc.com/public/campaigns.php:8226
[ 2062069ms] [LOG] Rendering Actions for campaign 37 Status: scheduled Current Role: admin @ https://campaign.alertaraqc.com/public/campaigns.php:8225
[ 2062069ms] [LOG] isAdmin(): true isViewer(): false isStaff(): false isSecretary(): false isKagawad(): false isCaptain(): false @ https://campaign.alertaraqc.com/public/campaigns.php:8226
[ 2062069ms] [LOG] Rendering Actions for campaign 35 Status: approved Current Role: admin @ https://campaign.alertaraqc.com/public/campaigns.php:8225
[ 2062069ms] [LOG] isAdmin(): true isViewer(): false isStaff(): false isSecretary(): false isKagawad(): false isCaptain(): false @ https://campaign.alertaraqc.com/public/campaigns.php:8226
[ 2062070ms] [LOG] Rendering Actions for campaign 32 Status: scheduled Current Role: admin @ https://campaign.alertaraqc.com/public/campaigns.php:8225
[ 2062070ms] [LOG] isAdmin(): true isViewer(): false isStaff(): false isSecretary(): false isKagawad(): false isCaptain(): false @ https://campaign.alertaraqc.com/public/campaigns.php:8226
[ 2062070ms] [LOG] Rendering Actions for campaign 31 Status: approved Current Role: admin @ https://campaign.alertaraqc.com/public/campaigns.php:8225
[ 2062071ms] [LOG] isAdmin(): true isViewer(): false isStaff(): false isSecretary(): false isKagawad(): false isCaptain(): false @ https://campaign.alertaraqc.com/public/campaigns.php:8226
[ 2062071ms] [LOG] Rendering Actions for campaign 29 Status: scheduled Current Role: admin @ https://campaign.alertaraqc.com/public/campaigns.php:8225
[ 2062071ms] [LOG] isAdmin(): true isViewer(): false isStaff(): false isSecretary(): false isKagawad(): false isCaptain(): false @ https://campaign.alertaraqc.com/public/campaigns.php:8226
[ 2062071ms] [LOG] Rendering Actions for campaign 27 Status: draft Current Role: admin @ https://campaign.alertaraqc.com/public/campaigns.php:8225
[ 2062072ms] [LOG] isAdmin(): true isViewer(): false isStaff(): false isSecretary(): false isKagawad(): false isCaptain(): false @ https://campaign.alertaraqc.com/public/campaigns.php:8226
[ 2062072ms] [LOG] Rendering Actions for campaign 25 Status: scheduled Current Role: admin @ https://campaign.alertaraqc.com/public/campaigns.php:8225
[ 2062072ms] [LOG] isAdmin(): true isViewer(): false isStaff(): false isSecretary(): false isKagawad(): false isCaptain(): false @ https://campaign.alertaraqc.com/public/campaigns.php:8226
[ 2062072ms] [LOG] Rendering Actions for campaign 10 Status: scheduled Current Role: admin @ https://campaign.alertaraqc.com/public/campaigns.php:8225
[ 2062072ms] [LOG] isAdmin(): true isViewer(): false isStaff(): false isSecretary(): false isKagawad(): false isCaptain(): false @ https://campaign.alertaraqc.com/public/campaigns.php:8226
[ 2062073ms] [LOG] Rendering Actions for campaign 11 Status: approved Current Role: admin @ https://campaign.alertaraqc.com/public/campaigns.php:8225
[ 2062073ms] [LOG] isAdmin(): true isViewer(): false isStaff(): false isSecretary(): false isKagawad(): false isCaptain(): false @ https://campaign.alertaraqc.com/public/campaigns.php:8226
[ 2062074ms] [LOG] Rendering Actions for campaign 1 Status: approved Current Role: admin @ https://campaign.alertaraqc.com/public/campaigns.php:8225
[ 2062074ms] [LOG] isAdmin(): true isViewer(): false isStaff(): false isSecretary(): false isKagawad(): false isCaptain(): false @ https://campaign.alertaraqc.com/public/campaigns.php:8226
[ 2062074ms] [LOG] Rendering Actions for campaign 3 Status: pending Current Role: admin @ https://campaign.alertaraqc.com/public/campaigns.php:8225
[ 2062075ms] [LOG] isAdmin(): true isViewer(): false isStaff(): false isSecretary(): false isKagawad(): false isCaptain(): false @ https://campaign.alertaraqc.com/public/campaigns.php:8226
[ 2062075ms] [LOG] loadCampaigns() - Dropdowns populated. automlSelect options: 14 @ https://campaign.alertaraqc.com/public/campaigns.php:8340
[ 2062075ms] [LOG] === TASK 4 PROOF: getToken() called === @ https://campaign.alertaraqc.com/public/campaigns.php:5243
[ 2062075ms] [LOG] TASK 4: localStorage.getItem("jwtToken") result: EXISTS (length: 353) @ https://campaign.alertaraqc.com/public/campaigns.php:5244
[ 2062076ms] [LOG] TASK 4: Token value (first 20 chars): eyJ0eXAiOiJKV1QiLCJh... @ https://campaign.alertaraqc.com/public/campaigns.php:5245
[ 2062076ms] [LOG] TASK 4: Token after trim: eyJ0eXAiOiJKV1QiLCJh... @ https://campaign.alertaraqc.com/public/campaigns.php:5246
[ 2062076ms] [LOG] === TASK 4 PROOF: Token returned (length: 353) === @ https://campaign.alertaraqc.com/public/campaigns.php:5253
[ 2062079ms] [LOG] === TASK 4 PROOF: getToken() called === @ https://campaign.alertaraqc.com/public/campaigns.php:5243
[ 2062079ms] [LOG] TASK 4: localStorage.getItem("jwtToken") result: EXISTS (length: 353) @ https://campaign.alertaraqc.com/public/campaigns.php:5244
[ 2062080ms] [LOG] TASK 4: Token value (first 20 chars): eyJ0eXAiOiJKV1QiLCJh... @ https://campaign.alertaraqc.com/public/campaigns.php:5245
[ 2062080ms] [LOG] TASK 4: Token after trim: eyJ0eXAiOiJKV1QiLCJh... @ https://campaign.alertaraqc.com/public/campaigns.php:5246
[ 2062080ms] [LOG] === TASK 4 PROOF: Token returned (length: 353) === @ https://campaign.alertaraqc.com/public/campaigns.php:5253
[ 2062151ms] [LOG] Budget data loaded: {success: true, data: Array(16), summary: Object} @ https://campaign.alertaraqc.com/public/campaigns.php:8563
[ 2062152ms] [LOG] Budget items count: 16 @ https://campaign.alertaraqc.com/public/campaigns.php:8567
[ 2062227ms] [LOG] loadCampaigns() - Calling populateAutoMLDropdown() @ https://campaign.alertaraqc.com/public/campaigns.php:8346
[ 2062227ms] [LOG] loadCampaigns() - allCampaigns data (from database): [Object, Object, Object, Object, Object, Object, Object, Object, Object, Object, Object, Object, Object] @ https://campaign.alertaraqc.com/public/campaigns.php:8347
[ 2062228ms] [LOG] loadCampaigns() - Campaign count: 13 @ https://campaign.alertaraqc.com/public/campaigns.php:8348
[ 2062228ms] [LOG] populateAutoMLDropdown() - Called. allCampaigns length: 13 @ https://campaign.alertaraqc.com/public/campaigns.php:6658
[ 2062228ms] [LOG] populateAutoMLDropdown() - Current dropdown options: 14 @ https://campaign.alertaraqc.com/public/campaigns.php:6659
[ 2062229ms] [LOG] populateAutoMLDropdown() - Populating with 13 campaigns @ https://campaign.alertaraqc.com/public/campaigns.php:6663
[ 2062229ms] [LOG] populateAutoMLDropdown() - Added option: 48 48 - crime prevention month test @ https://campaign.alertaraqc.com/public/campaigns.php:6683
[ 2062229ms] [LOG] populateAutoMLDropdown() - Added option: 47 47 - Crime Prevention Month @ https://campaign.alertaraqc.com/public/campaigns.php:6683
[ 2062230ms] [LOG] populateAutoMLDropdown() - Added option: 37 37 - Fire Safety Awareness Week @ https://campaign.alertaraqc.com/public/campaigns.php:6683
[ 2062230ms] [LOG] populateAutoMLDropdown() - Added option: 35 35 - Fire Safety Awareness Week @ https://campaign.alertaraqc.com/public/campaigns.php:6683
[ 2062230ms] [LOG] populateAutoMLDropdown() - Added option: 32 32 - Community Disaster Preparedness Orientation @ https://campaign.alertaraqc.com/public/campaigns.php:6683
[ 2062231ms] [LOG] populateAutoMLDropdown() - Added option: 31 31 - Fire Safety Awareness Week @ https://campaign.alertaraqc.com/public/campaigns.php:6683
[ 2062231ms] [LOG] populateAutoMLDropdown() - Added option: 29 29 - Road Safety for Students @ https://campaign.alertaraqc.com/public/campaigns.php:6683
[ 2062231ms] [LOG] populateAutoMLDropdown() - Added option: 27 27 - Dengue Prevention and Clean-Up Drive @ https://campaign.alertaraqc.com/public/campaigns.php:6683
[ 2062232ms] [LOG] populateAutoMLDropdown() - Added option: 25 25 - Earthquake Drill and Preparedness Campaign @ https://campaign.alertaraqc.com/public/campaigns.php:6683
[ 2062232ms] [LOG] populateAutoMLDropdown() - Added option: 11 11 - Earthquake Go-Bag Campaign @ https://campaign.alertaraqc.com/public/campaigns.php:6683
[ 2062232ms] [LOG] populateAutoMLDropdown() - Added option: 10 10 - Flood Evacuation Awareness @ https://campaign.alertaraqc.com/public/campaigns.php:6683
[ 2062233ms] [LOG] populateAutoMLDropdown() - Added option: 3 3 - Flood Preparedness Campaign @ https://campaign.alertaraqc.com/public/campaigns.php:6683
[ 2062233ms] [LOG] populateAutoMLDropdown() - Added option: 1 1 - Fire Safety Awareness Week 2025 @ https://campaign.alertaraqc.com/public/campaigns.php:6683
[ 2062233ms] [LOG] populateAutoMLDropdown() - Successfully added 13 options. Total options now: 14 @ https://campaign.alertaraqc.com/public/campaigns.php:6687
[ 2062233ms] [LOG] validateAutoMLForm() - Campaign selected:  Value:  @ https://campaign.alertaraqc.com/public/campaigns.php:6582
[ 2062233ms] [LOG] validateAutoMLForm() - Button disabled (no campaign selected) @ https://campaign.alertaraqc.com/public/campaigns.php:6595
[ 2062234ms] [LOG] Get Prediction button event listener attached @ https://campaign.alertaraqc.com/public/campaigns.php:6643
[ 2062234ms] [LOG] validateAutoMLForm() - Campaign selected:  Value:  @ https://campaign.alertaraqc.com/public/campaigns.php:6582
[ 2062234ms] [LOG] validateAutoMLForm() - Button disabled (no campaign selected) @ https://campaign.alertaraqc.com/public/campaigns.php:6595
[ 2062234ms] [LOG] Dropdown changed to:  @ https://campaign.alertaraqc.com/public/campaigns.php:3943
[ 2062234ms] [LOG] loadCampaigns() - populateAutoMLDropdown() returned: true @ https://campaign.alertaraqc.com/public/campaigns.php:8351
[ 2062234ms] [LOG] loadCampaigns() - Final dropdown option count: 13 @ https://campaign.alertaraqc.com/public/campaigns.php:8357
[ 2062235ms] [LOG] loadCampaigns() - All dropdown options: [Object, Object, Object, Object, Object, Object, Object, Object, Object, Object, Object, Object, Object, Object] @ https://campaign.alertaraqc.com/public/campaigns.php:8366
[ 2062235ms] [LOG] validateAutoMLForm() - Campaign selected:  Value:  @ https://campaign.alertaraqc.com/public/campaigns.php:6582
[ 2062235ms] [LOG] validateAutoMLForm() - Button disabled (no campaign selected) @ https://campaign.alertaraqc.com/public/campaigns.php:6595
[ 2062235ms] [LOG] validateAutoMLForm() - Campaign selected:  Value:  @ https://campaign.alertaraqc.com/public/campaigns.php:6582
[ 2062235ms] [LOG] validateAutoMLForm() - Button disabled (no campaign selected) @ https://campaign.alertaraqc.com/public/campaigns.php:6595
[ 2065035ms] [LOG] === TASK 4 PROOF: getToken() called === @ https://campaign.alertaraqc.com/public/campaigns.php:5243
[ 2065035ms] [LOG] TASK 4: localStorage.getItem("jwtToken") result: EXISTS (length: 353) @ https://campaign.alertaraqc.com/public/campaigns.php:5244
[ 2065035ms] [LOG] TASK 4: Token value (first 20 chars): eyJ0eXAiOiJKV1QiLCJh... @ https://campaign.alertaraqc.com/public/campaigns.php:5245
[ 2065035ms] [LOG] TASK 4: Token after trim: eyJ0eXAiOiJKV1QiLCJh... @ https://campaign.alertaraqc.com/public/campaigns.php:5246
[ 2065035ms] [LOG] === TASK 4 PROOF: Token returned (length: 353) === @ https://campaign.alertaraqc.com/public/campaigns.php:5253
[ 2065386ms] [LOG] === TASK 4 PROOF: getToken() called === @ https://campaign.alertaraqc.com/public/campaigns.php:5243
[ 2065386ms] [LOG] TASK 4: localStorage.getItem("jwtToken") result: EXISTS (length: 353) @ https://campaign.alertaraqc.com/public/campaigns.php:5244
[ 2065386ms] [LOG] TASK 4: Token value (first 20 chars): eyJ0eXAiOiJKV1QiLCJh... @ https://campaign.alertaraqc.com/public/campaigns.php:5245
[ 2065386ms] [LOG] TASK 4: Token after trim: eyJ0eXAiOiJKV1QiLCJh... @ https://campaign.alertaraqc.com/public/campaigns.php:5246
[ 2065386ms] [LOG] === TASK 4 PROOF: Token returned (length: 353) === @ https://campaign.alertaraqc.com/public/campaigns.php:5253
[ 2065460ms] [LOG] === TASK 4 PROOF: getToken() called === @ https://campaign.alertaraqc.com/public/campaigns.php:5243
[ 2065460ms] [LOG] TASK 4: localStorage.getItem("jwtToken") result: EXISTS (length: 353) @ https://campaign.alertaraqc.com/public/campaigns.php:5244
[ 2065460ms] [LOG] TASK 4: Token value (first 20 chars): eyJ0eXAiOiJKV1QiLCJh... @ https://campaign.alertaraqc.com/public/campaigns.php:5245
[ 2065460ms] [LOG] TASK 4: Token after trim: eyJ0eXAiOiJKV1QiLCJh... @ https://campaign.alertaraqc.com/public/campaigns.php:5246
[ 2065460ms] [LOG] === TASK 4 PROOF: Token returned (length: 353) === @ https://campaign.alertaraqc.com/public/campaigns.php:5253
[ 2068578ms] [LOG] === TASK 4 PROOF: getToken() called === @ https://campaign.alertaraqc.com/public/campaigns.php:5243
[ 2068578ms] [LOG] TASK 4: localStorage.getItem("jwtToken") result: EXISTS (length: 353) @ https://campaign.alertaraqc.com/public/campaigns.php:5244
[ 2068578ms] [LOG] TASK 4: Token value (first 20 chars): eyJ0eXAiOiJKV1QiLCJh... @ https://campaign.alertaraqc.com/public/campaigns.php:5245
[ 2068578ms] [LOG] TASK 4: Token after trim: eyJ0eXAiOiJKV1QiLCJh... @ https://campaign.alertaraqc.com/public/campaigns.php:5246
[ 2068578ms] [LOG] === TASK 4 PROOF: Token returned (length: 353) === @ https://campaign.alertaraqc.com/public/campaigns.php:5253
[ 2068654ms] [LOG] === TASK 4 PROOF: getToken() called === @ https://campaign.alertaraqc.com/public/campaigns.php:5243
[ 2068654ms] [LOG] TASK 4: localStorage.getItem("jwtToken") result: EXISTS (length: 353) @ https://campaign.alertaraqc.com/public/campaigns.php:5244
[ 2068654ms] [LOG] TASK 4: Token value (first 20 chars): eyJ0eXAiOiJKV1QiLCJh... @ https://campaign.alertaraqc.com/public/campaigns.php:5245
[ 2068655ms] [LOG] TASK 4: Token after trim: eyJ0eXAiOiJKV1QiLCJh... @ https://campaign.alertaraqc.com/public/campaigns.php:5246
[ 2068655ms] [LOG] === TASK 4 PROOF: Token returned (length: 353) === @ https://campaign.alertaraqc.com/public/campaigns.php:5253
[ 2079834ms] [LOG] RBAC: Refreshed role detection - role = admin , roleId = 1 @ https://campaign.alertaraqc.com/public/campaigns.php:5431
[ 2079834ms] [LOG] === TASK 4 PROOF: getToken() called === @ https://campaign.alertaraqc.com/public/campaigns.php:5243
[ 2079835ms] [LOG] TASK 4: localStorage.getItem("jwtToken") result: EXISTS (length: 353) @ https://campaign.alertaraqc.com/public/campaigns.php:5244
[ 2079835ms] [LOG] TASK 4: Token value (first 20 chars): eyJ0eXAiOiJKV1QiLCJh... @ https://campaign.alertaraqc.com/public/campaigns.php:5245
[ 2079835ms] [LOG] TASK 4: Token after trim: eyJ0eXAiOiJKV1QiLCJh... @ https://campaign.alertaraqc.com/public/campaigns.php:5246
[ 2079835ms] [LOG] === TASK 4 PROOF: Token returned (length: 353) === @ https://campaign.alertaraqc.com/public/campaigns.php:5253
[ 2079835ms] [LOG] loadCampaigns() - Making API call with token (length: 353) @ https://campaign.alertaraqc.com/public/campaigns.php:8099
[ 2079902ms] [LOG] loadCampaigns() - Response status: 200 @ https://campaign.alertaraqc.com/public/campaigns.php:8107
[ 2079903ms] [LOG] loadCampaigns() - Response text length: 8504 @ https://campaign.alertaraqc.com/public/campaigns.php:8111
[ 2079903ms] [LOG] loadCampaigns() - Received data: {data: Array(13)} @ https://campaign.alertaraqc.com/public/campaigns.php:8148
[ 2079903ms] [LOG] loadCampaigns() - Campaigns count: 13 @ https://campaign.alertaraqc.com/public/campaigns.php:8150
[ 2079903ms] [LOG] loadCampaigns() - Filtered out archived, remaining: 13 @ https://campaign.alertaraqc.com/public/campaigns.php:8157
[ 2079903ms] [LOG] loadCampaigns() - Rendering 13 campaigns @ https://campaign.alertaraqc.com/public/campaigns.php:8181
[ 2079904ms] [LOG] loadCampaigns() - Populating dropdowns with 13 campaigns @ https://campaign.alertaraqc.com/public/campaigns.php:8195
[ 2079904ms] [LOG] loadCampaigns() - Rendering campaigns. Current role: admin Role ID: 1 @ https://campaign.alertaraqc.com/public/campaigns.php:8198
[ 2079904ms] [LOG] loadCampaigns() - isAdmin(): true isViewer(): false @ https://campaign.alertaraqc.com/public/campaigns.php:8199
[ 2079904ms] [LOG] populateAutoMLDropdown() - Called. allCampaigns length: 13 @ https://campaign.alertaraqc.com/public/campaigns.php:6658
[ 2079905ms] [LOG] populateAutoMLDropdown() - Current dropdown options: 1 @ https://campaign.alertaraqc.com/public/campaigns.php:6659
[ 2079905ms] [LOG] populateAutoMLDropdown() - Populating with 13 campaigns @ https://campaign.alertaraqc.com/public/campaigns.php:6663
[ 2079905ms] [LOG] populateAutoMLDropdown() - Added option: 48 48 - crime prevention month test @ https://campaign.alertaraqc.com/public/campaigns.php:6683
[ 2079905ms] [LOG] populateAutoMLDropdown() - Added option: 47 47 - Crime Prevention Month @ https://campaign.alertaraqc.com/public/campaigns.php:6683
[ 2079905ms] [LOG] populateAutoMLDropdown() - Added option: 37 37 - Fire Safety Awareness Week @ https://campaign.alertaraqc.com/public/campaigns.php:6683
[ 2079906ms] [LOG] populateAutoMLDropdown() - Added option: 35 35 - Fire Safety Awareness Week @ https://campaign.alertaraqc.com/public/campaigns.php:6683
[ 2079906ms] [LOG] populateAutoMLDropdown() - Added option: 32 32 - Community Disaster Preparedness Orientation @ https://campaign.alertaraqc.com/public/campaigns.php:6683
[ 2079906ms] [LOG] populateAutoMLDropdown() - Added option: 31 31 - Fire Safety Awareness Week @ https://campaign.alertaraqc.com/public/campaigns.php:6683
[ 2079906ms] [LOG] populateAutoMLDropdown() - Added option: 29 29 - Road Safety for Students @ https://campaign.alertaraqc.com/public/campaigns.php:6683
[ 2079906ms] [LOG] populateAutoMLDropdown() - Added option: 27 27 - Dengue Prevention and Clean-Up Drive @ https://campaign.alertaraqc.com/public/campaigns.php:6683
[ 2079906ms] [LOG] populateAutoMLDropdown() - Added option: 25 25 - Earthquake Drill and Preparedness Campaign @ https://campaign.alertaraqc.com/public/campaigns.php:6683
[ 2079906ms] [LOG] populateAutoMLDropdown() - Added option: 11 11 - Earthquake Go-Bag Campaign @ https://campaign.alertaraqc.com/public/campaigns.php:6683
[ 2079907ms] [LOG] populateAutoMLDropdown() - Added option: 10 10 - Flood Evacuation Awareness @ https://campaign.alertaraqc.com/public/campaigns.php:6683
[ 2079907ms] [LOG] populateAutoMLDropdown() - Added option: 3 3 - Flood Preparedness Campaign @ https://campaign.alertaraqc.com/public/campaigns.php:6683
[ 2079907ms] [LOG] populateAutoMLDropdown() - Added option: 1 1 - Fire Safety Awareness Week 2025 @ https://campaign.alertaraqc.com/public/campaigns.php:6683
[ 2079907ms] [LOG] populateAutoMLDropdown() - Successfully added 13 options. Total options now: 14 @ https://campaign.alertaraqc.com/public/campaigns.php:6687
[ 2079907ms] [LOG] validateAutoMLForm() - Campaign selected:  Value:  @ https://campaign.alertaraqc.com/public/campaigns.php:6582
[ 2079908ms] [LOG] validateAutoMLForm() - Button disabled (no campaign selected) @ https://campaign.alertaraqc.com/public/campaigns.php:6595
[ 2079908ms] [LOG] Get Prediction button event listener attached @ https://campaign.alertaraqc.com/public/campaigns.php:6643
[ 2079908ms] [LOG] validateAutoMLForm() - Campaign selected:  Value:  @ https://campaign.alertaraqc.com/public/campaigns.php:6582
[ 2079908ms] [LOG] validateAutoMLForm() - Button disabled (no campaign selected) @ https://campaign.alertaraqc.com/public/campaigns.php:6595
[ 2079908ms] [LOG] Dropdown changed to:  @ https://campaign.alertaraqc.com/public/campaigns.php:3943
[ 2079909ms] [LOG] Rendering Actions for campaign 48 Status: draft Current Role: admin @ https://campaign.alertaraqc.com/public/campaigns.php:8225
[ 2079909ms] [LOG] isAdmin(): true isViewer(): false isStaff(): false isSecretary(): false isKagawad(): false isCaptain(): false @ https://campaign.alertaraqc.com/public/campaigns.php:8226
[ 2079909ms] [LOG] Rendering Actions for campaign 47 Status: scheduled Current Role: admin @ https://campaign.alertaraqc.com/public/campaigns.php:8225
[ 2079909ms] [LOG] isAdmin(): true isViewer(): false isStaff(): false isSecretary(): false isKagawad(): false isCaptain(): false @ https://campaign.alertaraqc.com/public/campaigns.php:8226
[ 2079910ms] [LOG] Rendering Actions for campaign 37 Status: scheduled Current Role: admin @ https://campaign.alertaraqc.com/public/campaigns.php:8225
[ 2079910ms] [LOG] isAdmin(): true isViewer(): false isStaff(): false isSecretary(): false isKagawad(): false isCaptain(): false @ https://campaign.alertaraqc.com/public/campaigns.php:8226
[ 2079911ms] [LOG] Rendering Actions for campaign 35 Status: approved Current Role: admin @ https://campaign.alertaraqc.com/public/campaigns.php:8225
[ 2079911ms] [LOG] isAdmin(): true isViewer(): false isStaff(): false isSecretary(): false isKagawad(): false isCaptain(): false @ https://campaign.alertaraqc.com/public/campaigns.php:8226
[ 2079912ms] [LOG] Rendering Actions for campaign 32 Status: scheduled Current Role: admin @ https://campaign.alertaraqc.com/public/campaigns.php:8225
[ 2079912ms] [LOG] isAdmin(): true isViewer(): false isStaff(): false isSecretary(): false isKagawad(): false isCaptain(): false @ https://campaign.alertaraqc.com/public/campaigns.php:8226
[ 2079912ms] [LOG] Rendering Actions for campaign 31 Status: approved Current Role: admin @ https://campaign.alertaraqc.com/public/campaigns.php:8225
[ 2079912ms] [LOG] isAdmin(): true isViewer(): false isStaff(): false isSecretary(): false isKagawad(): false isCaptain(): false @ https://campaign.alertaraqc.com/public/campaigns.php:8226
[ 2079913ms] [LOG] Rendering Actions for campaign 29 Status: scheduled Current Role: admin @ https://campaign.alertaraqc.com/public/campaigns.php:8225
[ 2079913ms] [LOG] isAdmin(): true isViewer(): false isStaff(): false isSecretary(): false isKagawad(): false isCaptain(): false @ https://campaign.alertaraqc.com/public/campaigns.php:8226
[ 2079913ms] [LOG] Rendering Actions for campaign 27 Status: draft Current Role: admin @ https://campaign.alertaraqc.com/public/campaigns.php:8225
[ 2079913ms] [LOG] isAdmin(): true isViewer(): false isStaff(): false isSecretary(): false isKagawad(): false isCaptain(): false @ https://campaign.alertaraqc.com/public/campaigns.php:8226
[ 2079914ms] [LOG] Rendering Actions for campaign 25 Status: scheduled Current Role: admin @ https://campaign.alertaraqc.com/public/campaigns.php:8225
[ 2079914ms] [LOG] isAdmin(): true isViewer(): false isStaff(): false isSecretary(): false isKagawad(): false isCaptain(): false @ https://campaign.alertaraqc.com/public/campaigns.php:8226
[ 2079914ms] [LOG] Rendering Actions for campaign 10 Status: scheduled Current Role: admin @ https://campaign.alertaraqc.com/public/campaigns.php:8225
[ 2079914ms] [LOG] isAdmin(): true isViewer(): false isStaff(): false isSecretary(): false isKagawad(): false isCaptain(): false @ https://campaign.alertaraqc.com/public/campaigns.php:8226
[ 2079915ms] [LOG] Rendering Actions for campaign 11 Status: approved Current Role: admin @ https://campaign.alertaraqc.com/public/campaigns.php:8225
[ 2079915ms] [LOG] isAdmin(): true isViewer(): false isStaff(): false isSecretary(): false isKagawad(): false isCaptain(): false @ https://campaign.alertaraqc.com/public/campaigns.php:8226
[ 2079915ms] [LOG] Rendering Actions for campaign 1 Status: approved Current Role: admin @ https://campaign.alertaraqc.com/public/campaigns.php:8225
[ 2079916ms] [LOG] isAdmin(): true isViewer(): false isStaff(): false isSecretary(): false isKagawad(): false isCaptain(): false @ https://campaign.alertaraqc.com/public/campaigns.php:8226
[ 2079916ms] [LOG] Rendering Actions for campaign 3 Status: pending Current Role: admin @ https://campaign.alertaraqc.com/public/campaigns.php:8225
[ 2079916ms] [LOG] isAdmin(): true isViewer(): false isStaff(): false isSecretary(): false isKagawad(): false isCaptain(): false @ https://campaign.alertaraqc.com/public/campaigns.php:8226
[ 2079916ms] [LOG] loadCampaigns() - Dropdowns populated. automlSelect options: 14 @ https://campaign.alertaraqc.com/public/campaigns.php:8340
[ 2079917ms] [LOG] === TASK 4 PROOF: getToken() called === @ https://campaign.alertaraqc.com/public/campaigns.php:5243
[ 2079917ms] [LOG] TASK 4: localStorage.getItem("jwtToken") result: EXISTS (length: 353) @ https://campaign.alertaraqc.com/public/campaigns.php:5244
[ 2079917ms] [LOG] TASK 4: Token value (first 20 chars): eyJ0eXAiOiJKV1QiLCJh... @ https://campaign.alertaraqc.com/public/campaigns.php:5245
[ 2079917ms] [LOG] TASK 4: Token after trim: eyJ0eXAiOiJKV1QiLCJh... @ https://campaign.alertaraqc.com/public/campaigns.php:5246
[ 2079917ms] [LOG] === TASK 4 PROOF: Token returned (length: 353) === @ https://campaign.alertaraqc.com/public/campaigns.php:5253
[ 2079920ms] [LOG] === TASK 4 PROOF: getToken() called === @ https://campaign.alertaraqc.com/public/campaigns.php:5243
[ 2079920ms] [LOG] TASK 4: localStorage.getItem("jwtToken") result: EXISTS (length: 353) @ https://campaign.alertaraqc.com/public/campaigns.php:5244
[ 2079920ms] [LOG] TASK 4: Token value (first 20 chars): eyJ0eXAiOiJKV1QiLCJh... @ https://campaign.alertaraqc.com/public/campaigns.php:5245
[ 2079920ms] [LOG] TASK 4: Token after trim: eyJ0eXAiOiJKV1QiLCJh... @ https://campaign.alertaraqc.com/public/campaigns.php:5246
[ 2079920ms] [LOG] === TASK 4 PROOF: Token returned (length: 353) === @ https://campaign.alertaraqc.com/public/campaigns.php:5253
[ 2079992ms] [LOG] Budget data loaded: {success: true, data: Array(16), summary: Object} @ https://campaign.alertaraqc.com/public/campaigns.php:8563
[ 2079993ms] [LOG] Budget items count: 16 @ https://campaign.alertaraqc.com/public/campaigns.php:8567
[ 2080069ms] [LOG] loadCampaigns() - Calling populateAutoMLDropdown() @ https://campaign.alertaraqc.com/public/campaigns.php:8346
[ 2080069ms] [LOG] loadCampaigns() - allCampaigns data (from database): [Object, Object, Object, Object, Object, Object, Object, Object, Object, Object, Object, Object, Object] @ https://campaign.alertaraqc.com/public/campaigns.php:8347
[ 2080070ms] [LOG] loadCampaigns() - Campaign count: 13 @ https://campaign.alertaraqc.com/public/campaigns.php:8348
[ 2080070ms] [LOG] populateAutoMLDropdown() - Called. allCampaigns length: 13 @ https://campaign.alertaraqc.com/public/campaigns.php:6658
[ 2080070ms] [LOG] populateAutoMLDropdown() - Current dropdown options: 14 @ https://campaign.alertaraqc.com/public/campaigns.php:6659
[ 2080070ms] [LOG] populateAutoMLDropdown() - Populating with 13 campaigns @ https://campaign.alertaraqc.com/public/campaigns.php:6663
[ 2080071ms] [LOG] populateAutoMLDropdown() - Added option: 48 48 - crime prevention month test @ https://campaign.alertaraqc.com/public/campaigns.php:6683
[ 2080071ms] [LOG] populateAutoMLDropdown() - Added option: 47 47 - Crime Prevention Month @ https://campaign.alertaraqc.com/public/campaigns.php:6683
[ 2080071ms] [LOG] populateAutoMLDropdown() - Added option: 37 37 - Fire Safety Awareness Week @ https://campaign.alertaraqc.com/public/campaigns.php:6683
[ 2080071ms] [LOG] populateAutoMLDropdown() - Added option: 35 35 - Fire Safety Awareness Week @ https://campaign.alertaraqc.com/public/campaigns.php:6683
[ 2080072ms] [LOG] populateAutoMLDropdown() - Added option: 32 32 - Community Disaster Preparedness Orientation @ https://campaign.alertaraqc.com/public/campaigns.php:6683
[ 2080072ms] [LOG] populateAutoMLDropdown() - Added option: 31 31 - Fire Safety Awareness Week @ https://campaign.alertaraqc.com/public/campaigns.php:6683
[ 2080072ms] [LOG] populateAutoMLDropdown() - Added option: 29 29 - Road Safety for Students @ https://campaign.alertaraqc.com/public/campaigns.php:6683
[ 2080072ms] [LOG] populateAutoMLDropdown() - Added option: 27 27 - Dengue Prevention and Clean-Up Drive @ https://campaign.alertaraqc.com/public/campaigns.php:6683
[ 2080072ms] [LOG] populateAutoMLDropdown() - Added option: 25 25 - Earthquake Drill and Preparedness Campaign @ https://campaign.alertaraqc.com/public/campaigns.php:6683
[ 2080072ms] [LOG] populateAutoMLDropdown() - Added option: 11 11 - Earthquake Go-Bag Campaign @ https://campaign.alertaraqc.com/public/campaigns.php:6683
[ 2080073ms] [LOG] populateAutoMLDropdown() - Added option: 10 10 - Flood Evacuation Awareness @ https://campaign.alertaraqc.com/public/campaigns.php:6683
[ 2080073ms] [LOG] populateAutoMLDropdown() - Added option: 3 3 - Flood Preparedness Campaign @ https://campaign.alertaraqc.com/public/campaigns.php:6683
[ 2080073ms] [LOG] populateAutoMLDropdown() - Added option: 1 1 - Fire Safety Awareness Week 2025 @ https://campaign.alertaraqc.com/public/campaigns.php:6683
[ 2080073ms] [LOG] populateAutoMLDropdown() - Successfully added 13 options. Total options now: 14 @ https://campaign.alertaraqc.com/public/campaigns.php:6687
[ 2080073ms] [LOG] validateAutoMLForm() - Campaign selected:  Value:  @ https://campaign.alertaraqc.com/public/campaigns.php:6582
[ 2080074ms] [LOG] validateAutoMLForm() - Button disabled (no campaign selected) @ https://campaign.alertaraqc.com/public/campaigns.php:6595
[ 2080074ms] [LOG] Get Prediction button event listener attached @ https://campaign.alertaraqc.com/public/campaigns.php:6643
[ 2080074ms] [LOG] validateAutoMLForm() - Campaign selected:  Value:  @ https://campaign.alertaraqc.com/public/campaigns.php:6582
[ 2080074ms] [LOG] validateAutoMLForm() - Button disabled (no campaign selected) @ https://campaign.alertaraqc.com/public/campaigns.php:6595
[ 2080074ms] [LOG] Dropdown changed to:  @ https://campaign.alertaraqc.com/public/campaigns.php:3943
[ 2080075ms] [LOG] loadCampaigns() - populateAutoMLDropdown() returned: true @ https://campaign.alertaraqc.com/public/campaigns.php:8351
[ 2080075ms] [LOG] loadCampaigns() - Final dropdown option count: 13 @ https://campaign.alertaraqc.com/public/campaigns.php:8357
[ 2080075ms] [LOG] loadCampaigns() - All dropdown options: [Object, Object, Object, Object, Object, Object, Object, Object, Object, Object, Object, Object, Object, Object] @ https://campaign.alertaraqc.com/public/campaigns.php:8366
[ 2080075ms] [LOG] validateAutoMLForm() - Campaign selected:  Value:  @ https://campaign.alertaraqc.com/public/campaigns.php:6582
[ 2080075ms] [LOG] validateAutoMLForm() - Button disabled (no campaign selected) @ https://campaign.alertaraqc.com/public/campaigns.php:6595
[ 2080075ms] [LOG] validateAutoMLForm() - Campaign selected:  Value:  @ https://campaign.alertaraqc.com/public/campaigns.php:6582
[ 2080076ms] [LOG] validateAutoMLForm() - Button disabled (no campaign selected) @ https://campaign.alertaraqc.com/public/campaigns.php:6595
